Component: ARM Compiler 5.05 update 1 (build 106) Tool: armlink [4d0efa]

==============================================================================

Section Cross References

    startup_stm32f407xx.o(RESET) refers to startup_stm32f407xx.o(STACK) for __initial_sp
    startup_stm32f407xx.o(RESET) refers to startup_stm32f407xx.o(.text) for Reset_Handler
    startup_stm32f407xx.o(RESET) refers to stm32f4xx_it.o(i.NMI_Handler) for NMI_Handler
    startup_stm32f407xx.o(RESET) refers to stm32f4xx_it.o(i.HardFault_Handler) for HardFault_Handler
    startup_stm32f407xx.o(RESET) refers to stm32f4xx_it.o(i.MemManage_Handler) for MemManage_Handler
    startup_stm32f407xx.o(RESET) refers to stm32f4xx_it.o(i.BusFault_Handler) for BusFault_Handler
    startup_stm32f407xx.o(RESET) refers to stm32f4xx_it.o(i.UsageFault_Handler) for UsageFault_Handler
    startup_stm32f407xx.o(RESET) refers to stm32f4xx_it.o(i.SVC_Handler) for SVC_Handler
    startup_stm32f407xx.o(RESET) refers to stm32f4xx_it.o(i.DebugMon_Handler) for DebugMon_Handler
    startup_stm32f407xx.o(RESET) refers to stm32f4xx_it.o(i.PendSV_Handler) for PendSV_Handler
    startup_stm32f407xx.o(RESET) refers to stm32f4xx_it.o(i.SysTick_Handler) for SysTick_Handler
    startup_stm32f407xx.o(RESET) refers to stm32f4xx_it.o(i.RCC_IRQHandler) for RCC_IRQHandler
    startup_stm32f407xx.o(RESET) refers to stm32f4xx_it.o(i.CAN1_RX0_IRQHandler) for CAN1_RX0_IRQHandler
    startup_stm32f407xx.o(RESET) refers to stm32f4xx_it.o(i.TIM5_IRQHandler) for TIM5_IRQHandler
    startup_stm32f407xx.o(.text) refers to system_stm32f4xx.o(i.SystemInit) for SystemInit
    startup_stm32f407xx.o(.text) refers to entry.o(.ARM.Collect$$$$00000000) for __main
    main.o(i.HAL_TIM_OC_DelayElapsedCallback) refers to timer_canfestival.o(i.TimeDispatch) for TimeDispatch
    main.o(i.HAL_TIM_OC_DelayElapsedCallback) refers to bsp_generaltim.o(.bss) for htimx
    main.o(i.HAL_TIM_OC_DelayElapsedCallback) refers to bsp_generaltim.o(.data) for last_time_set
    main.o(i.Netif_Config) refers to mem.o(i.mem_init) for mem_init
    main.o(i.Netif_Config) refers to memp.o(i.memp_init) for memp_init
    main.o(i.Netif_Config) refers to netif.o(i.netif_add) for netif_add
    main.o(i.Netif_Config) refers to netif.o(i.netif_set_default) for netif_set_default
    main.o(i.Netif_Config) refers to printf5.o(i.__0printf$5) for __2printf
    main.o(i.Netif_Config) refers to netif.o(i.netif_set_up) for netif_set_up
    main.o(i.Netif_Config) refers to netif.o(i.netif_set_down) for netif_set_down
    main.o(i.Netif_Config) refers to netif.o(i.netif_set_link_callback) for netif_set_link_callback
    main.o(i.Netif_Config) refers to ethernet.o(i.ethernet_input) for ethernet_input
    main.o(i.Netif_Config) refers to ethernetif.o(i.ethernetif_init) for ethernetif_init
    main.o(i.Netif_Config) refers to main.o(.bss) for .bss
    main.o(i.Netif_Config) refers to ethernetif.o(i.ethernetif_update_config) for ethernetif_update_config
    main.o(i.SystemClock_Config) refers to stm32f4xx_hal_rcc.o(i.HAL_RCC_OscConfig) for HAL_RCC_OscConfig
    main.o(i.SystemClock_Config) refers to stm32f4xx_hal_rcc.o(i.HAL_RCC_ClockConfig) for HAL_RCC_ClockConfig
    main.o(i.SystemClock_Config) refers to stm32f4xx_hal_rcc.o(i.HAL_RCC_EnableCSS) for HAL_RCC_EnableCSS
    main.o(i.SystemClock_Config) refers to stm32f4xx_hal_rcc.o(i.HAL_RCC_GetHCLKFreq) for HAL_RCC_GetHCLKFreq
    main.o(i.SystemClock_Config) refers to stm32f4xx_hal_cortex.o(i.HAL_SYSTICK_Config) for HAL_SYSTICK_Config
    main.o(i.SystemClock_Config) refers to stm32f4xx_hal_cortex.o(i.HAL_SYSTICK_CLKSourceConfig) for HAL_SYSTICK_CLKSourceConfig
    main.o(i.SystemClock_Config) refers to stm32f4xx_hal_cortex.o(i.HAL_NVIC_SetPriority) for HAL_NVIC_SetPriority
    main.o(i.main) refers to stm32f4xx_hal.o(i.HAL_Init) for HAL_Init
    main.o(i.main) refers to main.o(i.SystemClock_Config) for SystemClock_Config
    main.o(i.main) refers to bsp_debug_usart.o(i.MX_DEBUG_USART_Init) for MX_DEBUG_USART_Init
    main.o(i.main) refers to printf5.o(i.__0printf$5) for __2printf
    main.o(i.main) refers to init.o(i.lwip_init) for lwip_init
    main.o(i.main) refers to main.o(i.Netif_Config) for Netif_Config
    main.o(i.main) refers to app_ethernet.o(i.User_notification) for User_notification
    main.o(i.main) refers to ethernetif.o(i.ethernetif_input) for ethernetif_input
    main.o(i.main) refers to timeouts.o(i.sys_check_timeouts) for sys_check_timeouts
    main.o(i.main) refers to tcp_echoserver.o(i.tcp_echoserver_connect) for tcp_echoserver_connect
    main.o(i.main) refers to stm32f4xx_hal.o(i.HAL_Delay) for HAL_Delay
    main.o(i.main) refers to bsp_can.o(i.MX_CAN_Init) for MX_CAN_Init
    main.o(i.main) refers to stm32f4xx_hal_can.o(i.HAL_CAN_Receive_IT) for HAL_CAN_Receive_IT
    main.o(i.main) refers to bsp_can.o(i.test_master) for test_master
    main.o(i.main) refers to app_ethernet.o(i.DHCP_Periodic_Handle) for DHCP_Periodic_Handle
[...]
    __2printf                                0x08004731   Thumb Code     0  printf5.o(i.__0printf$5)
    __0sprintf$5                             0x08004751   Thumb Code    34  printf5.o(i.__0sprintf$5)
    __1sprintf$5                             0x08004751   Thumb Code     0  printf5.o(i.__0sprintf$5)
    __2sprintf                               0x08004751   Thumb Code     0  printf5.o(i.__0sprintf$5)
    free                                     0x08004779   Thumb Code    88  mallocr.o(i.__free$realloc)
    malloc                                   0x080047d5   Thumb Code    64  mallocr.o(i.__malloc$realloc)
    __scatterload_copy                       0x08004825   Thumb Code    14  handlers.o(i.__scatterload_copy)
    __scatterload_null                       0x08004833   Thumb Code     2  handlers.o(i.__scatterload_null)
    __scatterload_zeroinit                   0x08004835   Thumb Code    14  handlers.o(i.__scatterload_zeroinit)
    _getODentry                              0x08004845   Thumb Code   278  objacces.o(i._getODentry)
    _heartbeatError                          0x080049c1   Thumb Code     2  lifegrd.o(i._heartbeatError)
    _initialisation                          0x080049c3   Thumb Code     2  states.o(i._initialisation)
    _operational                             0x080049c5   Thumb Code     2  states.o(i._operational)
    _post_SlaveBootup                        0x080049c7   Thumb Code     2  lifegrd.o(i._post_SlaveBootup)
    _post_SlaveStateChange                   0x080049c9   Thumb Code     2  lifegrd.o(i._post_SlaveStateChange)
    _post_TPDO                               0x080049cb   Thumb Code     2  sync.o(i._post_TPDO)
    _post_emcy                               0x080049cd   Thumb Code     2  emcy.o(i._post_emcy)
    _post_sync                               0x080049cf   Thumb Code     2  sync.o(i._post_sync)
    _preOperational                          0x080049d1   Thumb Code     2  states.o(i._preOperational)
    _sendPDOevent                            0x08004c95   Thumb Code   642  pdo.o(i._sendPDOevent)
    _setODentry                              0x08005089   Thumb Code   658  objacces.o(i._setODentry)
    _stopped                                 0x080054bb   Thumb Code     2  states.o(i._stopped)
    _storeODSubIndex                         0x080054bd   Thumb Code     2  objacces.o(i._storeODSubIndex)
    _writeNetworkDict                        0x080054c1   Thumb Code   712  sdo.o(i._writeNetworkDict)
    accessDictionaryError                    0x08005939   Thumb Code   318  objacces.o(i.accessDictionaryError)
    buildPDO                                 0x08005c35   Thumb Code   406  pdo.o(i.buildPDO)
    canDispatch                              0x08005edd   Thumb Code   516  states.o(i.canDispatch)
    canSend                                  0x080062bd   Thumb Code   110  bsp_can.o(i.canSend)
    can_nimotion_go                          0x08006359   Thumb Code   472  bsp_can.o(i.can_nimotion_go)
    can_nimotion_rev                         0x08006615   Thumb Code   470  bsp_can.o(i.can_nimotion_rev)
    can_nimotion_stop                        0x080068cd   Thumb Code    90  bsp_can.o(i.can_nimotion_stop)
    closeSDOtransfer                         0x080069c5   Thumb Code    86  sdo.o(i.closeSDOtransfer)
    dhcp_arp_reply                           0x08006a9d   Thumb Code    30  dhcp.o(i.dhcp_arp_reply)
    dhcp_coarse_tmr                          0x08006be1   Thumb Code    98  dhcp.o(i.dhcp_coarse_tmr)
    dhcp_fine_tmr                            0x08006f1d   Thumb Code    48  dhcp.o(i.dhcp_fine_tmr)
    dhcp_release                             0x08007681   Thumb Code   172  dhcp.o(i.dhcp_release)
    dhcp_renew                               0x08007735   Thumb Code   174  dhcp.o(i.dhcp_renew)
    dhcp_start                               0x08007901   Thumb Code   148  dhcp.o(i.dhcp_start)
    dhcp_stop                                0x08007995   Thumb Code    36  dhcp.o(i.dhcp_stop)
    dhcp_supplied_address                    0x080079b9   Thumb Code    30  dhcp.o(i.dhcp_supplied_address)
    emergencyInit                            0x08007ac9   Thumb Code    28  emcy.o(i.emergencyInit)
    emergencyStop                            0x08007ae9   Thumb Code     2  emcy.o(i.emergencyStop)
    etharp_cleanup_netif                     0x08007aed   Thumb Code    42  etharp.o(i.etharp_cleanup_netif)
    etharp_input                             0x08007c51   Thumb Code   200  etharp.o(i.etharp_input)
    etharp_output                            0x08007d19   Thumb Code   254  etharp.o(i.etharp_output)
    etharp_query                             0x08007e85   Thumb Code   286  etharp.o(i.etharp_query)
    etharp_request                           0x08008039   Thumb Code     6  etharp.o(i.etharp_request)
    etharp_tmr                               0x0800806d   Thumb Code    96  etharp.o(i.etharp_tmr)
    ethernet_input                           0x08008155   Thumb Code   164  ethernet.o(i.ethernet_input)
    ethernet_output                          0x080081fd   Thumb Code    82  ethernet.o(i.ethernet_output)
    ethernetif_init                          0x08008251   Thumb Code    30  ethernetif.o(i.ethernetif_init)
    ethernetif_input                         0x08008279   Thumb Code    38  ethernetif.o(i.ethernetif_input)
    ethernetif_notify_conn_changed           0x080082a1   Thumb Code    56  app_ethernet.o(i.ethernetif_notify_conn_changed)
    ethernetif_update_config                 0x0800832d   Thumb Code   188  ethernetif.o(i.ethernetif_update_config)
    failedSDO                                0x08008409   Thumb Code   314  sdo.o(i.failedSDO)
    fputc                                    0x08008615   Thumb Code    22  bsp_debug_usart.o(i.fputc)
    getElapsedTime                           0x08008631   Thumb Code    24  bsp_generaltim.o(i.getElapsedTime)
    getNodeId                                0x08008651   Thumb Code     6  states.o(i.getNodeId)
    getSDOfreeLine                           0x08008659   Thumb Code    88  sdo.o(i.getSDOfreeLine)
    getSDOlineOnUse                          0x08008719   Thumb Code    76  sdo.o(i.getSDOlineOnUse)
    getSDOlineRestBytes                      0x08008765   Thumb Code    34  sdo.o(i.getSDOlineRestBytes)
    getSDOlineToClose                        0x08008787   Thumb Code    72  sdo.o(i.getSDOlineToClose)
    getWriteResultNetworkDict                0x080087d1   Thumb Code   118  sdo.o(i.getWriteResultNetworkDict)
    heartbeatInit                            0x080088c9   Thumb Code   152  lifegrd.o(i.heartbeatInit)
    heartbeatStop                            0x080089dd   Thumb Code    64  lifegrd.o(i.heartbeatStop)
    icmp_dest_unreach                        0x08008a1d   Thumb Code     8  icmp.o(i.icmp_dest_unreach)
    icmp_input                               0x08008a25   Thumb Code   320  icmp.o(i.icmp_input)
    icmp_time_exceeded                       0x08008bdb   Thumb Code     8  icmp.o(i.icmp_time_exceeded)
    inet_chksum_pbuf                         0x08008be3   Thumb Code    76  inet_chksum.o(i.inet_chksum_pbuf)
    initSDOline                              0x08008c31   Thumb Code   226  sdo.o(i.initSDOline)
    ip4_addr_isbroadcast_u32                 0x08008dfd   Thumb Code    80  ip4_addr.o(i.ip4_addr_isbroadcast_u32)
    ip4_frag                                 0x08008e4d   Thumb Code   416  ip4_frag.o(i.ip4_frag)
    ip4_input                                0x08008ff1   Thumb Code   490  ip4.o(i.ip4_input)
    ip4_output_if                            0x080091e5   Thumb Code    44  ip4.o(i.ip4_output_if)
    ip4_output_if_src                        0x08009211   Thumb Code   178  ip4.o(i.ip4_output_if_src)
    ip4_reass                                0x080092cd   Thumb Code   378  ip4_frag.o(i.ip4_reass)
    ip4_route                                0x0800944d   Thumb Code   106  ip4.o(i.ip4_route)
    ip4addr_ntoa                             0x080094c1   Thumb Code     8  ip4_addr.o(i.ip4addr_ntoa)
    ip4addr_ntoa_r                           0x080094cd   Thumb Code   172  ip4_addr.o(i.ip4addr_ntoa_r)
    ip_reass_tmr                             0x08009801   Thumb Code    42  ip4_frag.o(i.ip_reass_tmr)
    lineToSDO                                0x08009849   Thumb Code   162  sdo.o(i.lineToSDO)
    lwip_htonl                               0x08009c21   Thumb Code    24  def.o(i.lwip_htonl)
    lwip_htons                               0x08009c39   Thumb Code    10  def.o(i.lwip_htons)
    lwip_init                                0x08009c43   Thumb Code    30  init.o(i.lwip_init)
    lwip_standard_chksum                     0x08009c61   Thumb Code    90  inet_chksum.o(i.lwip_standard_chksum)
    main                                     0x08009cbd   Thumb Code   100  main.o(i.main)
    masterSendNMTstateChange                 0x08009d91   Thumb Code    88  nmtmaster.o(i.masterSendNMTstateChange)
    master_scanIndexOD                       0x08009e51   Thumb Code    92  testmaster.o(i.master_scanIndexOD)
    master_valueRangeTest                    0x08009eb9   Thumb Code    16  testmaster.o(i.master_valueRangeTest)
    mem_free                                 0x08009ecd   Thumb Code    38  mem.o(i.mem_free)
    mem_init                                 0x08009ef9   Thumb Code    44  mem.o(i.mem_init)
    mem_malloc                               0x08009f2d   Thumb Code   186  mem.o(i.mem_malloc)
    mem_trim                                 0x08009fed   Thumb Code   224  mem.o(i.mem_trim)
    memp_free                                0x0800a0d1   Thumb Code    20  memp.o(i.memp_free)
    memp_init                                0x0800a0e9   Thumb Code    24  memp.o(i.memp_init)
    memp_init_pool                           0x0800a105   Thumb Code    46  memp.o(i.memp_init_pool)
    memp_malloc                              0x0800a135   Thumb Code    18  memp.o(i.memp_malloc)
    netif_add                                0x0800a14d   Thumb Code    84  netif.o(i.netif_add)
    netif_init                               0x0800a1a5   Thumb Code     2  netif.o(i.netif_init)
    netif_set_addr                           0x0800a1c5   Thumb Code    76  netif.o(i.netif_set_addr)
    netif_set_default                        0x0800a211   Thumb Code     6  netif.o(i.netif_set_default)
    netif_set_down                           0x0800a21d   Thumb Code    30  netif.o(i.netif_set_down)
    netif_set_gw                             0x0800a23b   Thumb Code    14  netif.o(i.netif_set_gw)
    netif_set_ipaddr                         0x0800a249   Thumb Code    66  netif.o(i.netif_set_ipaddr)
    netif_set_link_callback                  0x0800a291   Thumb Code     8  netif.o(i.netif_set_link_callback)
    netif_set_netmask                        0x0800a299   Thumb Code    14  netif.o(i.netif_set_netmask)
    netif_set_up                             0x0800a2a7   Thumb Code    32  netif.o(i.netif_set_up)
    objdictToSDOline                         0x0800a2c9   Thumb Code   186  sdo.o(i.objdictToSDOline)
    pbuf_alloc                               0x0800a3f5   Thumb Code   314  pbuf.o(i.pbuf_alloc)
    pbuf_alloced_custom                      0x0800a52f   Thumb Code   104  pbuf.o(i.pbuf_alloced_custom)
    pbuf_cat                                 0x0800a597   Thumb Code    40  pbuf.o(i.pbuf_cat)
    pbuf_chain                               0x0800a5bf   Thumb Code    20  pbuf.o(i.pbuf_chain)
    pbuf_clen                                0x0800a5d3   Thumb Code    20  pbuf.o(i.pbuf_clen)
    pbuf_copy                                0x0800a5e7   Thumb Code   168  pbuf.o(i.pbuf_copy)
    pbuf_copy_partial                        0x0800a68f   Thumb Code   112  pbuf.o(i.pbuf_copy_partial)
    pbuf_free                                0x0800a6ff   Thumb Code    94  pbuf.o(i.pbuf_free)
    pbuf_header                              0x0800a75d   Thumb Code     6  pbuf.o(i.pbuf_header)
    pbuf_header_force                        0x0800a763   Thumb Code     6  pbuf.o(i.pbuf_header_force)
    pbuf_realloc                             0x0800a7f3   Thumb Code    92  pbuf.o(i.pbuf_realloc)
    pbuf_ref                                 0x0800a84f   Thumb Code    12  pbuf.o(i.pbuf_ref)
    proceedEMCY                              0x0800a8c5   Thumb Code    92  emcy.o(i.proceedEMCY)
    proceedLSS_Master                        0x0800a99d   Thumb Code   368  lss.o(i.proceedLSS_Master)
    proceedLSS_Slave                         0x0800abe5   Thumb Code  3342  lss.o(i.proceedLSS_Slave)
    proceedNMTstateChange                    0x0800b979   Thumb Code   364  nmtslave.o(i.proceedNMTstateChange)
    proceedNODE_GUARD                        0x0800bb61   Thumb Code   356  lifegrd.o(i.proceedNODE_GUARD)
    proceedPDO                               0x0800bd9d   Thumb Code  1888  pdo.o(i.proceedPDO)
    proceedSDO                               0x0800c575   Thumb Code 16184  sdo.o(i.proceedSDO)
    proceedSYNC                              0x08010581   Thumb Code    60  sync.o(i.proceedSYNC)
    realloc                                  0x0801061d   Thumb Code   102  mallocr.o(i.realloc)
    resetSDO                                 0x08010689   Thumb Code    24  sdo.o(i.resetSDO)
    resetSDOline                             0x080106a1   Thumb Code    84  sdo.o(i.resetSDOline)
    scanIndexOD                              0x08010751   Thumb Code    18  objacces.o(i.scanIndexOD)
    sendOnePDOevent                          0x08010765   Thumb Code   362  pdo.o(i.sendOnePDOevent)
    sendPDOrequest                           0x08010979   Thumb Code   160  pdo.o(i.sendPDOrequest)
    sendSDO                                  0x08010b91   Thumb Code   294  sdo.o(i.sendSDO)
    sendSDOabort                             0x08010da9   Thumb Code   314  sdo.o(i.sendSDOabort)
    sendSlaveLSSMessage                      0x08010fad   Thumb Code   242  lss.o(i.sendSlaveLSSMessage)
    setNodeId                                0x08011149   Thumb Code   424  states.o(i.setNodeId)
    setSDOlineRestBytes                      0x08011399   Thumb Code    18  sdo.o(i.setSDOlineRestBytes)
    setState                                 0x080113ad   Thumb Code   308  states.o(i.setState)
    setTimer                                 0x0801155d   Thumb Code    14  bsp_generaltim.o(i.setTimer)
    slaveSendBootUp                          0x08011571   Thumb Code   124  nmtslave.o(i.slaveSendBootUp)
    startLSS                                 0x08011691   Thumb Code    32  lss.o(i.startLSS)
    startSYNC                                0x0801170d   Thumb Code    88  sync.o(i.startSYNC)
    stopLSS                                  0x0801176d   Thumb Code    32  lss.o(i.stopLSS)
    stopSYNC                                 0x080117e9   Thumb Code    46  sync.o(i.stopSYNC)
    switchCommunicationState                 0x08011819   Thumb Code   668  states.o(i.switchCommunicationState)
    sys_check_timeouts                       0x08011bbd   Thumb Code    72  timeouts.o(i.sys_check_timeouts)
    sys_now                                  0x08011c09   Thumb Code     4  ethernetif.o(i.sys_now)
    sys_timeout                              0x08011c0d   Thumb Code   164  timeouts.o(i.sys_timeout)
    sys_timeouts_init                        0x08011cb5   Thumb Code    36  timeouts.o(i.sys_timeouts_init)
    tcp_abandon                              0x08011ce5   Thumb Code   202  tcp.o(i.tcp_abandon)
    tcp_abort                                0x08011db9   Thumb Code     6  tcp.o(i.tcp_abort)
    tcp_accept                               0x08011dbf   Thumb Code    14  tcp.o(i.tcp_accept)
    tcp_alloc                                0x08011ddd   Thumb Code   164  tcp.o(i.tcp_alloc)
    tcp_arg                                  0x08011e8d   Thumb Code     8  tcp.o(i.tcp_arg)
    tcp_bind                                 0x08011e95   Thumb Code   144  tcp.o(i.tcp_bind)
    tcp_close                                0x08011f31   Thumb Code    20  tcp.o(i.tcp_close)
    tcp_echoserver_connect                   0x08012215   Thumb Code    88  tcp_echoserver.o(i.tcp_echoserver_connect)
    tcp_eff_send_mss_impl                    0x080126fd   Thumb Code    38  tcp.o(i.tcp_eff_send_mss_impl)
    tcp_enqueue_flags                        0x08012723   Thumb Code   190  tcp_out.o(i.tcp_enqueue_flags)
    tcp_err                                  0x080127e1   Thumb Code    10  tcp.o(i.tcp_err)
    tcp_fasttmr                              0x080127ed   Thumb Code    92  tcp.o(i.tcp_fasttmr)
    tcp_init                                 0x08012889   Thumb Code     2  tcp.o(i.tcp_init)
    tcp_input                                0x0801288d   Thumb Code   950  tcp_in.o(i.tcp_input)
    tcp_keepalive                            0x08012c5d   Thumb Code    88  tcp_out.o(i.tcp_keepalive)
    tcp_listen_with_backlog                  0x08012e8d   Thumb Code   132  tcp.o(i.tcp_listen_with_backlog)
    tcp_netif_ip_addr_changed                0x08012f1d   Thumb Code    76  tcp.o(i.tcp_netif_ip_addr_changed)
    tcp_new                                  0x08012f91   Thumb Code     6  tcp.o(i.tcp_new)
    tcp_next_iss                             0x08012ff9   Thumb Code    12  tcp.o(i.tcp_next_iss)
    tcp_output                               0x08013009   Thumb Code   478  tcp_out.o(i.tcp_output)
    tcp_pcb_purge                            0x080133db   Thumb Code    58  tcp.o(i.tcp_pcb_purge)
    tcp_pcb_remove                           0x08013415   Thumb Code    84  tcp.o(i.tcp_pcb_remove)
    tcp_poll                                 0x08013469   Thumb Code     8  tcp.o(i.tcp_poll)
    tcp_process_refused_data                 0x08013905   Thumb Code   124  tcp.o(i.tcp_process_refused_data)
    tcp_recv                                 0x08013dad   Thumb Code     8  tcp.o(i.tcp_recv)
    tcp_recv_null                            0x08013db5   Thumb Code    38  tcp.o(i.tcp_recv_null)
    tcp_recved                               0x08013ddb   Thumb Code    72  tcp.o(i.tcp_recved)
    tcp_rexmit                               0x08013e39   Thumb Code    82  tcp_out.o(i.tcp_rexmit)
    tcp_rexmit_fast                          0x08013e8b   Thumb Code   102  tcp_out.o(i.tcp_rexmit_fast)
    tcp_rexmit_rto                           0x08013ef1   Thumb Code    46  tcp_out.o(i.tcp_rexmit_rto)
    tcp_rst                                  0x08013f1f   Thumb Code   136  tcp_out.o(i.tcp_rst)
    tcp_seg_free                             0x08013fa7   Thumb Code    30  tcp.o(i.tcp_seg_free)
    tcp_segs_free                            0x08013fc5   Thumb Code    20  tcp.o(i.tcp_segs_free)
    tcp_send_empty_ack                       0x08013fd9   Thumb Code   116  tcp_out.o(i.tcp_send_empty_ack)
    tcp_send_fin                             0x0801404d   Thumb Code    74  tcp_out.o(i.tcp_send_fin)
    tcp_sent                                 0x08014097   Thumb Code     8  tcp.o(i.tcp_sent)
    tcp_setprio                              0x0801409f   Thumb Code     4  tcp.o(i.tcp_setprio)
    tcp_slowtmr                              0x080140a5   Thumb Code   634  tcp.o(i.tcp_slowtmr)
    tcp_timer_needed                         0x08014331   Thumb Code    36  timeouts.o(i.tcp_timer_needed)
    tcp_tmr                                  0x080143e9   Thumb Code    30  tcp.o(i.tcp_tmr)
    tcp_trigger_input_pcb_close              0x0801440d   Thumb Code    12  tcp_in.o(i.tcp_trigger_input_pcb_close)
    tcp_update_rcv_ann_wnd                   0x0801441d   Thumb Code    62  tcp.o(i.tcp_update_rcv_ann_wnd)
    tcp_write                                0x0801445b   Thumb Code   724  tcp_out.o(i.tcp_write)
    tcp_zero_window_probe                    0x0801477d   Thumb Code   202  tcp_out.o(i.tcp_zero_window_probe)
    test_master                              0x08014881   Thumb Code    80  bsp_can.o(i.test_master)
    udp_bind                                 0x08014909   Thumb Code   132  udp.o(i.udp_bind)
    udp_connect                              0x08014995   Thumb Code    82  udp.o(i.udp_connect)
    udp_init                                 0x080149ed   Thumb Code     2  udp.o(i.udp_init)
    udp_input                                0x080149f1   Thumb Code   314  udp.o(i.udp_input)
    udp_netif_ip_addr_changed                0x08014b6d   Thumb Code    50  udp.o(i.udp_netif_ip_addr_changed)
    udp_new                                  0x08014ba5   Thumb Code    36  udp.o(i.udp_new)
    udp_recv                                 0x08014c15   Thumb Code     6  udp.o(i.udp_recv)
    udp_remove                               0x08014c1d   Thumb Code    44  udp.o(i.udp_remove)
    udp_sendto_if                            0x08014c4d   Thumb Code    72  udp.o(i.udp_sendto_if)
    udp_sendto_if_src                        0x08014c95   Thumb Code   186  udp.o(i.udp_sendto_if_src)
    writeNetworkDictCallBack                 0x08014d4f   Thumb Code    42  sdo.o(i.writeNetworkDictCallBack)
    AHBPrescTable                            0x08014d78   Data          16  system_stm32f4xx.o(.constdata)
    APBPrescTable                            0x08014d88   Data           8  system_stm32f4xx.o(.constdata)
    master_iam_a_slave                       0x08014dd0   Data           1  testmaster.o(.constdata)
    master_objdict                           0x08014dd4   Data          48  testmaster.o(.constdata)
    master_firstIndex                        0x08014e04   Data          12  testmaster.o(.constdata)
    master_lastIndex                         0x08014e10   Data          12  testmaster.o(.constdata)
    master_ObjdictSize                       0x08014e1c   Data           2  testmaster.o(.constdata)
    ip_addr_any                              0x08014e20   Data           4  ip4_addr.o(.constdata)
    ip_addr_broadcast                        0x08014e24   Data           4  ip4_addr.o(.constdata)
    ethbroadcast                             0x08014e28   Data           6  ethernet.o(.constdata)
    ethzero                                  0x08014e2e   Data           6  ethernet.o(.constdata)
    memp_UDP_PCB                             0x08014e34   Data          12  memp.o(.constdata)
    memp_TCP_PCB                             0x08014e40   Data          12  memp.o(.constdata)
    memp_TCP_PCB_LISTEN                      0x08014e4c   Data          12  memp.o(.constdata)
    memp_TCP_SEG                             0x08014e58   Data          12  memp.o(.constdata)
    memp_REASSDATA                           0x08014e64   Data          12  memp.o(.constdata)
    memp_FRAG_PBUF                           0x08014e70   Data          12  memp.o(.constdata)
    memp_SYS_TIMEOUT                         0x08014e7c   Data          12  memp.o(.constdata)
    memp_PBUF                                0x08014e88   Data          12  memp.o(.constdata)
    memp_PBUF_POOL                           0x08014e94   Data          12  memp.o(.constdata)
    memp_pools                               0x08014ea0   Data          36  memp.o(.constdata)
    tcp_pcb_lists                            0x08014f08   Data          16  tcp.o(.constdata)
    lwip_cyclic_timers                       0x08014f18   Data          40  timeouts.o(.constdata)
    Region$$Table$$Base                      0x08015724   Number         0  anon$$obj.o(Region$$Table)
    Region$$Table$$Limit                     0x08015744   Number         0  anon$$obj.o(Region$$Table)
    DHCP_state                               0x20000000   Data           1  app_ethernet.o(.data)
    DHCP_flag                                0x20000001   Data           1  app_ethernet.o(.data)
    DHCPfineTimer                            0x20000004   Data           4  app_ethernet.o(.data)
    tcp_echoserver_pcb                       0x20000008   Data           4  tcp_echoserver.o(.data)
    tcp_echoserver_es                        0x2000000c   Data           4  tcp_echoserver.o(.data)
    ServerIp                                 0x20000010   Data           4  tcp_echoserver.o(.data)
    uwTick                                   0x20000014   Data           4  stm32f4xx_hal.o(.data)
    SystemCoreClock                          0x20000018   Data           4  system_stm32f4xx.o(.data)
    MasterBoard                              0x20000020   Data           8  bsp_can.o(.data)
    Toggle_Pulse                             0x20000028   Data           2  bsp_generaltim.o(.data)
    last_time_set                            0x2000002c   Data           4  bsp_generaltim.o(.data)
    last_timer_raw                           0x20000030   Data           2  timer_canfestival.o(.data)
    total_sleep_time                         0x20000034   Data           4  timer_canfestival.o(.data)
    MasterMap1                               0x20000044   Data           1  testmaster.o(.data)
    master_bDeviceNodeId                     0x20000045   Data           1  testmaster.o(.data)
    master_obj1000                           0x20000048   Data           4  testmaster.o(.data)
    master_Index1000                         0x2000004c   Data          12  testmaster.o(.data)
    master_obj1001                           0x20000058   Data           1  testmaster.o(.data)
    master_Index1001                         0x2000005c   Data          12  testmaster.o(.data)
    master_highestSubIndex_obj1003           0x20000068   Data           1  testmaster.o(.data)
    master_obj1003                           0x2000006c   Data           4  testmaster.o(.data)
    master_obj1005                           0x20000070   Data           4  testmaster.o(.data)
    master_obj1006                           0x20000074   Data           4  testmaster.o(.data)
    master_obj1014                           0x20000078   Data           4  testmaster.o(.data)
    master_highestSubIndex_obj1016           0x2000007c   Data           1  testmaster.o(.data)
    master_obj1016                           0x20000080   Data           4  testmaster.o(.data)
    master_obj1017                           0x20000084   Data           2  testmaster.o(.data)
    master_highestSubIndex_obj1018           0x20000086   Data           1  testmaster.o(.data)
    master_obj1018_Vendor_ID                 0x20000088   Data           4  testmaster.o(.data)
    master_obj1018_Product_Code              0x2000008c   Data           4  testmaster.o(.data)
    master_obj1018_Revision_Number           0x20000090   Data           4  testmaster.o(.data)
    master_obj1018_Serial_Number             0x20000094   Data           4  testmaster.o(.data)
    master_Index1018                         0x20000098   Data          60  testmaster.o(.data)
    master_highestSubIndex_obj1200           0x200000d4   Data           1  testmaster.o(.data)
    master_obj1200_COB_ID_Client_to_Server_Receive_SDO 0x200000d8   Data           4  testmaster.o(.data)
    master_obj1200_COB_ID_Server_to_Client_Transmit_SDO 0x200000dc   Data           4  testmaster.o(.data)
    master_Index1200                         0x200000e0   Data          36  testmaster.o(.data)
    master_highestSubIndex_obj1800           0x20000104   Data           1  testmaster.o(.data)
    master_obj1800_COB_ID_used_by_PDO        0x20000108   Data           4  testmaster.o(.data)
    master_obj1800_Transmission_Type         0x2000010c   Data           1  testmaster.o(.data)
    master_obj1800_Inhibit_Time              0x2000010e   Data           2  testmaster.o(.data)
    master_obj1800_Compatibility_Entry       0x20000110   Data           1  testmaster.o(.data)
    master_obj1800_Event_Timer               0x20000112   Data           2  testmaster.o(.data)
    master_obj1800_SYNC_start_value          0x20000114   Data           1  testmaster.o(.data)
    master_Index1800                         0x20000118   Data          84  testmaster.o(.data)
    master_highestSubIndex_obj1A00           0x2000016c   Data           1  testmaster.o(.data)
    master_Index1A00                         0x20000170   Data          12  testmaster.o(.data)
    master_PDO_status                        0x2000017c   Data          18  testmaster.o(.data)
    TestMaster_Data                          0x20000190   Data         860  testmaster.o(.data)
    master_heartBeatTimers                   0x200004ec   Data           2  testmaster.o(.data)
    netif_list                               0x20000540   Data           4  netif.o(.data)
    netif_default                            0x20000544   Data           4  netif.o(.data)
    tcp_active_pcbs_changed                  0x20000548   Data           1  tcp.o(.data)
    tcp_ticks                                0x20000554   Data           4  tcp.o(.data)
    tcp_bound_pcbs                           0x20000558   Data           4  tcp.o(.data)
    tcp_listen_pcbs                          0x2000055c   Data           4  tcp.o(.data)
    tcp_active_pcbs                          0x20000560   Data           4  tcp.o(.data)
    tcp_tw_pcbs                              0x20000564   Data           4  tcp.o(.data)
    tcp_input_pcb                            0x20000588   Data           4  tcp_in.o(.data)
    udp_pcbs                                 0x2000059c   Data           4  udp.o(.data)
    __stdout                                 0x200005a4   Data           4  stdout.o(.data)
    __microlib_freelist                      0x200005a8   Data           4  mvars.o(.data)
    __microlib_freelist_initialised          0x200005ac   Data           4  mvars.o(.data)
    gnetif                                   0x200005b0   Data          56  main.o(.bss)
    DMARxDscrTab                             0x200005e8   Data         128  ethernetif.o(.bss)
    DMATxDscrTab                             0x20000668   Data         128  ethernetif.o(.bss)
    Rx_Buff                                  0x200006e8   Data        6096  ethernetif.o(.bss)
    Tx_Buff                                  0x20001eb8   Data        6096  ethernetif.o(.bss)
    EthHandle                                0x20003688   Data          72  ethernetif.o(.bss)
    husart_debug                             0x200036d0   Data          64  bsp_debug_usart.o(.bss)
    hCAN                                     0x20003710   Data          68  bsp_can.o(.bss)
    htimx                                    0x20003794   Data          60  bsp_generaltim.o(.bss)
    m_my                                     0x200037d0   Data          12  nmtslave.o(.bss)
    timers                                   0x200037dc   Data         192  timer_canfestival.o(.bss)
    master_Index1800_callbacks               0x2000389c   Data          28  testmaster.o(.bss)
    dhcp_rx_options_val                      0x200038b8   Data          40  dhcp.o(.bss)
    dhcp_rx_options_given                    0x200038e0   Data          10  dhcp.o(.bss)
    ip_data                                  0x200039ec   Data          24  ip.o(.bss)
    ram_heap                                 0x20003a04   Data       10259  mem.o(.bss)
    memp_memory_UDP_PCB_base                 0x20006217   Data         195  memp.o(.bss)
    memp_memory_TCP_PCB_base                 0x200062da   Data        1483  memp.o(.bss)
    memp_memory_TCP_PCB_LISTEN_base          0x200068a5   Data         143  memp.o(.bss)
    memp_memory_TCP_SEG_base                 0x20006934   Data         131  memp.o(.bss)
    memp_memory_REASSDATA_base               0x200069b7   Data         163  memp.o(.bss)
    memp_memory_FRAG_PBUF_base               0x20006a5a   Data         363  memp.o(.bss)
    memp_memory_SYS_TIMEOUT_base             0x20006bc5   Data         163  memp.o(.bss)
    memp_memory_PBUF_base                    0x20006c68   Data         163  memp.o(.bss)
    memp_memory_PBUF_POOL_base               0x20006d0b   Data        4227  memp.o(.bss)
    __heap_base                              0x20007da0   Data           0  startup_stm32f407xx.o(HEAP)
    __heap_limit                             0x20007fa0   Data           0  startup_stm32f407xx.o(HEAP)
    __initial_sp                             0x20008fa0   Data           0  startup_stm32f407xx.o(STACK)



==============================================================================

Memory Map of the image

  Image Entry point : 0x08000189

  Load Region LR_IROM1 (Base: 0x08000000, Size: 0x00015cf4, Max: 0x00100000, ABSOLUTE, COMPRESSED[0x0001586c])

    Execution Region ER_IROM1 (Base: 0x08000000, Size: 0x00015744, Max: 0x00100000, ABSOLUTE)

    Base Addr    Size         Type   Attr      Idx    E Section Name        Object

    0x08000000   0x00000188   Data   RO            3    RESET               startup_stm32f407xx.o
    0x08000188   0x00000000   Code   RO         2019  * .ARM.Collect$$$$00000000  mc_w.l(entry.o)
    0x08000188   0x00000004   Code   RO         2177    .ARM.Collect$$$$00000001  mc_w.l(entry2.o)
    0x0800018c   0x00000004   Code   RO         2180    .ARM.Collect$$$$00000004  mc_w.l(entry5.o)
    0x08000190   0x00000000   Code   RO         2182    .ARM.Collect$$$$00000008  mc_w.l(entry7b.o)
    0x08000190   0x00000000   Code   RO         2184    .ARM.Collect$$$$0000000A  mc_w.l(entry8b.o)
    0x08000190   0x00000008   Code   RO         2185    .ARM.Collect$$$$0000000B  mc_w.l(entry9a.o)
    0x08000198   0x00000000   Code   RO         2187    .ARM.Collect$$$$0000000D  mc_w.l(entry10a.o)
    0x08000198   0x00000000   Code   RO         2189    .ARM.Collect$$$$0000000F  mc_w.l(entry11a.o)
    0x08000198   0x00000004   Code   RO         2178    .ARM.Collect$$$$00002712  mc_w.l(entry2.o)
    0x0800019c   0x00000024   Code   RO            4    .text               startup_stm32f407xx.o
    0x080001c0   0x0000001e   Code   RO         2022    .text               mc_w.l(llshl.o)
    0x080001de   0x00000002   PAD
    0x080001e0   0x00000024   Code   RO         2023    .text               mc_w.l(rand.o)
    0x08000204   0x00000024   Code   RO         2025    .text               mc_w.l(memcpya.o)
    0x08000228   0x00000024   Code   RO         2026    .text               mc_w.l(memseta.o)
    0x0800024c   0x0000001c   Code   RO         2028    .text               mc_w.l(strcmp.o)
    0x08000268   0x0000001a   Code   RO         2029    .text               mc_w.l(memcmp.o)
    0x08000282   0x00000062   Code   RO         2193    .text               mc_w.l(uldiv.o)
    0x080002e4   0x00000024   Code   RO         2202    .text               mc_w.l(init.o)
    0x08000308   0x00000020   Code   RO         2203    .text               mc_w.l(llushr.o)
    0x08000328   0x00000056   Code   RO         2211    .text               mc_w.l(__dczerorl2.o)
    0x0800037e   0x00000002   Code   RO           21    i.BusFault_Handler  stm32f4xx_it.o
    0x08000380   0x0000000c   Code   RO           22    i.CAN1_RX0_IRQHandler  stm32f4xx_it.o
    0x0800038c   0x000001a6   Code   RO          509    i.CAN_Receive_IT    stm32f4xx_hal_can.o
    0x08000532   0x00000054   Code   RO          510    i.CAN_Transmit_IT   stm32f4xx_hal_can.o
    0x08000586   0x00000002   PAD
    0x08000588   0x00000050   Code   RO         1648    i.CheckSDO          master.o
    0x080005d8   0x00000028   Code   RO         1649    i.CheckSDOAndContinue  master.o
    0x08000600   0x00000088   Code   RO         1650    i.ConfigureSlaveNode  master.o
    0x08000688   0x00000028   Code   RO         1538    i.ConsumerHearbeatAlarm  lifegrd.o
    0x080006b0   0x000000b4   Code   RO         1574    i.CopyBits          pdo.o
    0x08000764   0x0000002c   Code   RO           36    i.DHCP_Periodic_Handle  app_ethernet.o
    0x08000790   0x00000148   Code   RO           37    i.DHCP_Process      app_ethernet.o
    0x080008d8   0x00000002   Code   RO           23    i.DebugMon_Handler  stm32f4xx_it.o
    0x080008da   0x00000002   PAD
    0x080008dc   0x000000b0   Code   RO         1639    i.DelAlarm          timer_canfestival.o
    0x0800098c   0x00000010   Code   RO          624    i.ETH_DMAReceptionDisable  stm32f4xx_hal_eth.o
    0x0800099c   0x00000010   Code   RO          625    i.ETH_DMAReceptionEnable  stm32f4xx_hal_eth.o
    0x080009ac   0x00000010   Code   RO          626    i.ETH_DMATransmissionDisable  stm32f4xx_hal_eth.o
    0x080009bc   0x00000010   Code   RO          627    i.ETH_DMATransmissionEnable  stm32f4xx_hal_eth.o
    0x080009cc   0x00000024   Code   RO          628    i.ETH_Delay         stm32f4xx_hal_eth.o
    0x080009f0   0x0000002e   Code   RO          629    i.ETH_FlushTransmitFIFO  stm32f4xx_hal_eth.o
    0x08000a1e   0x0000002a   Code   RO          630    i.ETH_MACAddressConfig  stm32f4xx_hal_eth.o
    0x08000a48   0x00000194   Code   RO          631    i.ETH_MACDMAConfig  stm32f4xx_hal_eth.o
    0x08000bdc   0x00000022   Code   RO          632    i.ETH_MACReceptionDisable  stm32f4xx_hal_eth.o
    0x08000bfe   0x00000022   Code   RO          633    i.ETH_MACReceptionEnable  stm32f4xx_hal_eth.o
    0x08000c20   0x00000022   Code   RO          634    i.ETH_MACTransmissionDisable  stm32f4xx_hal_eth.o
    0x08000c42   0x00000022   Code   RO          635    i.ETH_MACTransmissionEnable  stm32f4xx_hal_eth.o
    0x08000c64   0x00000080   Code   RO         1516    i.GENERAL_TIMx_Init  bsp_generaltim.o
    0x08000ce4   0x00000218   Code   RO         1589    i.GetSDOClientFromNodeId  sdo.o
    0x08000efc   0x00000110   Code   RO          511    i.HAL_CAN_ConfigFilter  stm32f4xx_hal_can.o
    0x0800100c   0x00000002   Code   RO          513    i.HAL_CAN_ErrorCallback  stm32f4xx_hal_can.o
    0x0800100e   0x00000002   PAD
    0x08001010   0x00000204   Code   RO          516    i.HAL_CAN_IRQHandler  stm32f4xx_hal_can.o
    0x08001214   0x000001a4   Code   RO          517    i.HAL_CAN_Init      stm32f4xx_hal_can.o
    0x080013b8   0x00000090   Code   RO         1499    i.HAL_CAN_MspInit   bsp_can.o
    0x08001448   0x00000102   Code   RO          521    i.HAL_CAN_Receive_IT  stm32f4xx_hal_can.o
    0x0800154a   0x00000002   PAD
    0x0800154c   0x000000b4   Code   RO         1500    i.HAL_CAN_RxCpltCallback  bsp_can.o
    0x08001600   0x0000023c   Code   RO          524    i.HAL_CAN_Transmit  stm32f4xx_hal_can.o
    0x0800183c   0x00000002   Code   RO          526    i.HAL_CAN_TxCpltCallback  stm32f4xx_hal_can.o
    0x0800183e   0x0000001e   Code   RO          220    i.HAL_Delay         stm32f4xx_hal.o
    0x0800185c   0x00000138   Code   RO          637    i.HAL_ETH_ConfigMAC  stm32f4xx_hal_eth.o
    0x08001994   0x00000080   Code   RO          638    i.HAL_ETH_DMARxDescListInit  stm32f4xx_hal_eth.o
    0x08001a14   0x0000008e   Code   RO          639    i.HAL_ETH_DMATxDescListInit  stm32f4xx_hal_eth.o
    0x08001aa2   0x0000008a   Code   RO          642    i.HAL_ETH_GetReceivedFrame  stm32f4xx_hal_eth.o
    0x08001b2c   0x00000270   Code   RO          646    i.HAL_ETH_Init      stm32f4xx_hal_eth.o
    0x08001d9c   0x000000f8   Code   RO           44    i.HAL_ETH_MspInit   ethernetif.o
    0x08001e94   0x0000008c   Code   RO          649    i.HAL_ETH_ReadPHYRegister  stm32f4xx_hal_eth.o
    0x08001f20   0x00000046   Code   RO          651    i.HAL_ETH_Start     stm32f4xx_hal_eth.o
    0x08001f66   0x00000046   Code   RO          652    i.HAL_ETH_Stop      stm32f4xx_hal_eth.o
    0x08001fac   0x00000136   Code   RO          653    i.HAL_ETH_TransmitFrame  stm32f4xx_hal_eth.o
    0x080020e2   0x00000084   Code   RO          655    i.HAL_ETH_WritePHYRegister  stm32f4xx_hal_eth.o
    0x08002166   0x00000002   PAD
    0x08002168   0x00000200   Code   RO          108    i.HAL_GPIO_Init     stm32f4xx_hal_gpio.o
    0x08002368   0x0000000e   Code   RO          112    i.HAL_GPIO_WritePin  stm32f4xx_hal_gpio.o
    0x08002376   0x00000002   PAD
    0x08002378   0x0000000c   Code   RO          226    i.HAL_GetTick       stm32f4xx_hal.o
    0x08002384   0x00000010   Code   RO          228    i.HAL_IncTick       stm32f4xx_hal.o
    0x08002394   0x00000034   Code   RO          229    i.HAL_Init          stm32f4xx_hal.o
    0x080023c8   0x00000028   Code   RO          230    i.HAL_InitTick      stm32f4xx_hal.o
    0x080023f0   0x00000068   Code   RO           17    i.HAL_MspInit       stm32f4xx_hal_msp.o
    0x08002458   0x00000018   Code   RO          121    i.HAL_NVIC_EnableIRQ  stm32f4xx_hal_cortex.o
    0x08002470   0x00000068   Code   RO          127    i.HAL_NVIC_SetPriority  stm32f4xx_hal_cortex.o
    0x080024d8   0x00000024   Code   RO          128    i.HAL_NVIC_SetPriorityGrouping  stm32f4xx_hal_cortex.o
    0x080024fc   0x000001f0   Code   RO          178    i.HAL_RCC_ClockConfig  stm32f4xx_hal_rcc.o
    0x080026ec   0x0000000c   Code   RO          181    i.HAL_RCC_EnableCSS  stm32f4xx_hal_rcc.o
    0x080026f8   0x0000000c   Code   RO          183    i.HAL_RCC_GetHCLKFreq  stm32f4xx_hal_rcc.o
    0x08002704   0x0000002c   Code   RO          185    i.HAL_RCC_GetPCLK1Freq  stm32f4xx_hal_rcc.o
    0x08002730   0x0000002c   Code   RO          186    i.HAL_RCC_GetPCLK2Freq  stm32f4xx_hal_rcc.o
    0x0800275c   0x0000008c   Code   RO          187    i.HAL_RCC_GetSysClockFreq  stm32f4xx_hal_rcc.o
    0x080027e8   0x00000440   Code   RO          190    i.HAL_RCC_OscConfig  stm32f4xx_hal_rcc.o
    0x08002c28   0x0000001c   Code   RO          130    i.HAL_SYSTICK_CLKSourceConfig  stm32f4xx_hal_cortex.o
    0x08002c44   0x00000002   Code   RO          131    i.HAL_SYSTICK_Callback  stm32f4xx_hal_cortex.o
    0x08002c46   0x00000002   PAD
    0x08002c48   0x00000028   Code   RO          132    i.HAL_SYSTICK_Config  stm32f4xx_hal_cortex.o
    0x08002c70   0x00000008   Code   RO          133    i.HAL_SYSTICK_IRQHandler  stm32f4xx_hal_cortex.o
    0x08002c78   0x00000002   Code   RO          255    i.HAL_TIMEx_BreakCallback  stm32f4xx_hal_tim_ex.o
    0x08002c7a   0x00000002   Code   RO          256    i.HAL_TIMEx_CommutationCallback  stm32f4xx_hal_tim_ex.o
    0x08002c7c   0x00000066   Code   RO          272    i.HAL_TIMEx_MasterConfigSynchronization  stm32f4xx_hal_tim_ex.o
    0x08002ce2   0x00000038   Code   RO          297    i.HAL_TIM_Base_Init  stm32f4xx_hal_tim.o
    0x08002d1a   0x00000002   PAD
    0x08002d1c   0x0000003c   Code   RO         1518    i.HAL_TIM_Base_MspInit  bsp_generaltim.o
    0x08002d58   0x00000110   Code   RO          306    i.HAL_TIM_ConfigClockSource  stm32f4xx_hal_tim.o
    0x08002e68   0x00000002   Code   RO          326    i.HAL_TIM_IC_CaptureCallback  stm32f4xx_hal_tim.o
    0x08002e6a   0x00000174   Code   RO          339    i.HAL_TIM_IRQHandler  stm32f4xx_hal_tim.o
    0x08002fde   0x00000056   Code   RO          340    i.HAL_TIM_OC_ConfigChannel  stm32f4xx_hal_tim.o
    0x08003034   0x00000028   Code   RO            8    i.HAL_TIM_OC_DelayElapsedCallback  main.o
    0x0800305c   0x00000038   Code   RO          344    i.HAL_TIM_OC_Init   stm32f4xx_hal_tim.o
    0x08003094   0x00000002   Code   RO          346    i.HAL_TIM_OC_MspInit  stm32f4xx_hal_tim.o
    0x08003096   0x0000006e   Code   RO          349    i.HAL_TIM_OC_Start_IT  stm32f4xx_hal_tim.o
    0x08003104   0x00000002   Code   RO          369    i.HAL_TIM_PWM_PulseFinishedCallback  stm32f4xx_hal_tim.o
    0x08003106   0x00000002   Code   RO          376    i.HAL_TIM_PeriodElapsedCallback  stm32f4xx_hal_tim.o
    0x08003108   0x00000002   Code   RO          380    i.HAL_TIM_TriggerCallback  stm32f4xx_hal_tim.o
    0x0800310a   0x00000064   Code   RO          429    i.HAL_UART_Init     stm32f4xx_hal_uart.o
    0x0800316e   0x00000002   PAD
    0x08003170   0x00000058   Code   RO         1489    i.HAL_UART_MspInit  bsp_debug_usart.o
    0x080031c8   0x000000dc   Code   RO          437    i.HAL_UART_Transmit  stm32f4xx_hal_uart.o
    0x080032a4   0x00000002   Code   RO           24    i.HardFault_Handler  stm32f4xx_it.o
    0x080032a6   0x00000002   PAD
    0x080032a8   0x00000048   Code   RO         1501    i.InitNodes         bsp_can.o
    0x080032f0   0x0000014c   Code   RO         1551    i.LssAlarmSDELAY    lss.o
    0x0800343c   0x00000068   Code   RO         1502    i.MX_CAN_Init       bsp_can.o
    0x080034a4   0x00000044   Code   RO         1490    i.MX_DEBUG_USART_Init  bsp_debug_usart.o
    0x080034e8   0x00000002   Code   RO           25    i.MemManage_Handler  stm32f4xx_it.o
    0x080034ea   0x00000002   Code   RO           26    i.NMI_Handler       stm32f4xx_it.o
    0x080034ec   0x0000007c   Code   RO            9    i.Netif_Config      main.o
    0x08003568   0x0000000a   Code   RO         1630    i.OnCOB_ID_SyncUpdate  sync.o
    0x08003572   0x00000014   Code   RO         1539    i.OnHeartbeatProducerUpdate  lifegrd.o
    0x08003586   0x00000002   PAD
    0x08003588   0x0000002c   Code   RO         1503    i.OnMasterMap1Update  bsp_can.o
    0x080035b4   0x0000002c   Code   RO         1532    i.OnNumberOfErrorsUpdate  emcy.o
    0x080035e0   0x00000030   Code   RO         1575    i.PDOEventTimerAlarm  pdo.o
    0x08003610   0x0000002e   Code   RO         1576    i.PDOInhibitTimerAlarm  pdo.o
    0x0800363e   0x00000002   PAD
    0x08003640   0x0000005c   Code   RO         1577    i.PDOInit           pdo.o
    0x0800369c   0x00000070   Code   RO         1578    i.PDOStop           pdo.o
    0x0800370c   0x00000002   Code   RO           27    i.PendSV_Handler    stm32f4xx_it.o
    0x0800370e   0x00000002   PAD
    0x08003710   0x000000c8   Code   RO         1540    i.ProducerHearbeatAlarm  lifegrd.o
    0x080037d8   0x00000002   Code   RO           28    i.RCC_IRQHandler    stm32f4xx_it.o
    0x080037da   0x00000028   Code   RO         1568    i.RegisterSetODentryCallBack  objacces.o
    0x08003802   0x00000002   PAD
    0x08003804   0x00000190   Code   RO         1590    i.SDOTimeoutAlarm   sdo.o
    0x08003994   0x00000110   Code   RO         1591    i.SDOlineToObjdict  sdo.o
    0x08003aa4   0x00000164   Code   RO         1592    i.SDOtoLine         sdo.o
    0x08003c08   0x00000002   Code   RO           29    i.SVC_Handler       stm32f4xx_it.o
    0x08003c0a   0x00000002   PAD
    0x08003c0c   0x0000009c   Code   RO         1640    i.SetAlarm          timer_canfestival.o
    0x08003ca8   0x0000002c   Code   RO         1504    i.StartTimerLoop    bsp_can.o
    0x08003cd4   0x00000002   Code   RO         1631    i.SyncAlarm         sync.o
    0x08003cd6   0x0000000e   Code   RO           30    i.SysTick_Handler   stm32f4xx_it.o
    0x08003ce4   0x0000009c   Code   RO           10    i.SystemClock_Config  main.o
    0x08003d80   0x00000058   Code   RO         1481    i.SystemInit        system_stm32f4xx.o
    0x08003dd8   0x0000000c   Code   RO           31    i.TIM5_IRQHandler   stm32f4xx_it.o
    0x08003de4   0x000000b4   Code   RO          381    i.TIM_Base_SetConfig  stm32f4xx_hal_tim.o
    0x08003e98   0x0000001a   Code   RO          382    i.TIM_CCxChannelCmd  stm32f4xx_hal_tim.o
    0x08003eb2   0x00000016   Code   RO          388    i.TIM_ETR_SetConfig  stm32f4xx_hal_tim.o
    0x08003ec8   0x00000010   Code   RO          389    i.TIM_ITRx_SetConfig  stm32f4xx_hal_tim.o
    0x08003ed8   0x00000064   Code   RO          390    i.TIM_OC1_SetConfig  stm32f4xx_hal_tim.o
    0x08003f3c   0x0000006c   Code   RO          391    i.TIM_OC2_SetConfig  stm32f4xx_hal_tim.o
    0x08003fa8   0x0000006c   Code   RO          392    i.TIM_OC3_SetConfig  stm32f4xx_hal_tim.o
    0x08004014   0x00000054   Code   RO          393    i.TIM_OC4_SetConfig  stm32f4xx_hal_tim.o
    0x08004068   0x00000026   Code   RO          395    i.TIM_TI1_ConfigInputStage  stm32f4xx_hal_tim.o
    0x0800408e   0x00000024   Code   RO          397    i.TIM_TI2_ConfigInputStage  stm32f4xx_hal_tim.o
    0x080040b2   0x0000006e   Code   RO         1579    i.TPDO_Communication_Parameter_Callback  pdo.o
    0x08004120   0x00000002   Code   RO         1651    i.TestMaster_heartbeatError  master.o
    0x08004122   0x00000002   PAD
    0x08004124   0x0000006c   Code   RO         1652    i.TestMaster_initialisation  master.o
    0x08004190   0x00000002   Code   RO         1653    i.TestMaster_operational  master.o
    0x08004192   0x00000004   Code   RO         1654    i.TestMaster_post_SlaveBootup  master.o
    0x08004196   0x00000002   PAD
    0x08004198   0x000000d0   Code   RO         1655    i.TestMaster_post_TPDO  master.o
    0x08004268   0x00000002   Code   RO         1656    i.TestMaster_post_emcy  master.o
    0x0800426a   0x00000002   Code   RO         1657    i.TestMaster_post_sync  master.o
    0x0800426c   0x00000002   Code   RO         1658    i.TestMaster_preOperational  master.o
    0x0800426e   0x00000002   Code   RO         1659    i.TestMaster_stopped  master.o
    0x08004270   0x000000b4   Code   RO         1641    i.TimeDispatch      timer_canfestival.o
    0x08004324   0x00000344   Code   RO          456    i.UART_SetConfig    stm32f4xx_hal_uart.o
    0x08004668   0x00000078   Code   RO          458    i.UART_WaitOnFlagUntilTimeout  stm32f4xx_hal_uart.o
    0x080046e0   0x00000002   Code   RO           32    i.UsageFault_Handler  stm32f4xx_it.o
    0x080046e2   0x00000002   PAD
    0x080046e4   0x00000048   Code   RO           38    i.User_notification  app_ethernet.o
    0x0800472c   0x00000002   Code   RO         1580    i._RxPDO_EventTimers_Handler  pdo.o
    0x0800472e   0x00000002   PAD
    0x08004730   0x00000020   Code   RO         2099    i.__0printf$5       mc_w.l(printf5.o)
    0x08004750   0x00000028   Code   RO         2101    i.__0sprintf$5      mc_w.l(printf5.o)
    0x08004778   0x0000005c   Code   RO         2165    i.__free$realloc    mc_w.l(mallocr.o)
    0x080047d4   0x00000050   Code   RO         2166    i.__malloc$realloc  mc_w.l(mallocr.o)
    0x08004824   0x0000000e   Code   RO         2208    i.__scatterload_copy  mc_w.l(handlers.o)
    0x08004832   0x00000002   Code   RO         2209    i.__scatterload_null  mc_w.l(handlers.o)
    0x08004834   0x0000000e   Code   RO         2210    i.__scatterload_zeroinit  mc_w.l(handlers.o)
    0x08004842   0x00000002   PAD
    0x08004844   0x0000017c   Code   RO         1569    i._getODentry       objacces.o
    0x080049c0   0x00000002   Code   RO         1541    i._heartbeatError   lifegrd.o
    0x080049c2   0x00000002   Code   RO         1619    i._initialisation   states.o
    0x080049c4   0x00000002   Code   RO         1620    i._operational      states.o
    0x080049c6   0x00000002   Code   RO         1542    i._post_SlaveBootup  lifegrd.o
    0x080049c8   0x00000002   Code   RO         1543    i._post_SlaveStateChange  lifegrd.o
    0x080049ca   0x00000002   Code   RO         1632    i._post_TPDO        sync.o
    0x080049cc   0x00000002   Code   RO         1533    i._post_emcy        emcy.o
    0x080049ce   0x00000002   Code   RO         1633    i._post_sync        sync.o
    0x080049d0   0x00000002   Code   RO         1621    i._preOperational   states.o
    0x080049d2   0x00000002   PAD
    0x080049d4   0x000002c0   Code   RO         2106    i._printf_core      mc_w.l(printf5.o)
    0x08004c94   0x000003f4   Code   RO         1581    i._sendPDOevent     pdo.o
    0x08005088   0x00000428   Code   RO         1570    i._setODentry       objacces.o
    0x080054b0   0x0000000a   Code   RO         2108    i._sputc            mc_w.l(printf5.o)
    0x080054ba   0x00000002   Code   RO         1622    i._stopped          states.o
    0x080054bc   0x00000002   Code   RO         1571    i._storeODSubIndex  objacces.o
    0x080054be   0x00000002   PAD
    0x080054c0   0x00000478   Code   RO         1594    i._writeNetworkDict  sdo.o
    0x08005938   0x000002fc   Code   RO         1572    i.accessDictionaryError  objacces.o
    0x08005c34   0x000002a8   Code   RO         1582    i.buildPDO          pdo.o
    0x08005edc   0x000003e0   Code   RO         1623    i.canDispatch       states.o
    0x080062bc   0x0000009c   Code   RO         1505    i.canSend           bsp_can.o
    0x08006358   0x000002bc   Code   RO         1506    i.can_nimotion_go   bsp_can.o
    0x08006614   0x000002b8   Code   RO         1507    i.can_nimotion_rev  bsp_can.o
    0x080068cc   0x000000f8   Code   RO         1508    i.can_nimotion_stop  bsp_can.o
    0x080069c4   0x000000bc   Code   RO         1595    i.closeSDOtransfer  sdo.o
    0x08006a80   0x0000001c   Code   RO         1991    i.cyclic_timer      timeouts.o
    0x08006a9c   0x0000001e   Code   RO         1725    i.dhcp_arp_reply    dhcp.o
    0x08006aba   0x00000002   PAD
    0x08006abc   0x000000f0   Code   RO         1726    i.dhcp_bind         dhcp.o
    0x08006bac   0x00000034   Code   RO         1727    i.dhcp_check        dhcp.o
    0x08006be0   0x00000068   Code   RO         1729    i.dhcp_coarse_tmr   dhcp.o
    0x08006c48   0x00000134   Code   RO         1730    i.dhcp_create_msg   dhcp.o
    0x08006d7c   0x00000020   Code   RO         1731    i.dhcp_dec_pcb_refcount  dhcp.o
    0x08006d9c   0x00000090   Code   RO         1732    i.dhcp_decline      dhcp.o
    0x08006e2c   0x00000018   Code   RO         1733    i.dhcp_delete_msg   dhcp.o
    0x08006e44   0x000000d8   Code   RO         1734    i.dhcp_discover     dhcp.o
    0x08006f1c   0x00000034   Code   RO         1735    i.dhcp_fine_tmr     dhcp.o
    0x08006f50   0x0000006c   Code   RO         1736    i.dhcp_handle_ack   dhcp.o
    0x08006fbc   0x00000028   Code   RO         1737    i.dhcp_handle_nak   dhcp.o
    0x08006fe4   0x00000034   Code   RO         1738    i.dhcp_handle_offer  dhcp.o
    0x08007018   0x00000054   Code   RO         1739    i.dhcp_inc_pcb_refcount  dhcp.o
    0x0800706c   0x00000022   Code   RO         1742    i.dhcp_option       dhcp.o
    0x0800708e   0x0000000e   Code   RO         1743    i.dhcp_option_byte  dhcp.o
    0x0800709c   0x00000044   Code   RO         1744    i.dhcp_option_long  dhcp.o
    0x080070e0   0x00000020   Code   RO         1745    i.dhcp_option_short  dhcp.o
    0x08007100   0x00000032   Code   RO         1746    i.dhcp_option_trailer  dhcp.o
    0x08007132   0x00000002   PAD
    0x08007134   0x000002bc   Code   RO         1747    i.dhcp_parse_reply  dhcp.o
    0x080073f0   0x000000b8   Code   RO         1748    i.dhcp_rebind       dhcp.o
    0x080074a8   0x000000d4   Code   RO         1749    i.dhcp_reboot       dhcp.o
    0x0800757c   0x00000104   Code   RO         1750    i.dhcp_recv         dhcp.o
    0x08007680   0x000000b4   Code   RO         1751    i.dhcp_release      dhcp.o
    0x08007734   0x000000b8   Code   RO         1752    i.dhcp_renew        dhcp.o
    0x080077ec   0x00000104   Code   RO         1753    i.dhcp_select       dhcp.o
    0x080078f0   0x00000010   Code   RO         1754    i.dhcp_set_state    dhcp.o
    0x08007900   0x00000094   Code   RO         1756    i.dhcp_start        dhcp.o
    0x08007994   0x00000024   Code   RO         1757    i.dhcp_stop         dhcp.o
    0x080079b8   0x0000001e   Code   RO         1758    i.dhcp_supplied_address  dhcp.o
    0x080079d6   0x0000002a   Code   RO         1759    i.dhcp_t1_timeout   dhcp.o
    0x08007a00   0x0000002e   Code   RO         1760    i.dhcp_t2_timeout   dhcp.o
    0x08007a2e   0x0000007c   Code   RO         1761    i.dhcp_timeout      dhcp.o
    0x08007aaa   0x0000000c   Code   RO         1841    i.do_memp_free_pool  memp.o
    0x08007ab6   0x00000012   Code   RO         1842    i.do_memp_malloc_pool  memp.o
    0x08007ac8   0x00000020   Code   RO         1534    i.emergencyInit     emcy.o
    0x08007ae8   0x00000002   Code   RO         1535    i.emergencyStop     emcy.o
    0x08007aea   0x00000002   PAD
    0x08007aec   0x00000030   Code   RO         1764    i.etharp_cleanup_netif  etharp.o
    0x08007b1c   0x0000010c   Code   RO         1766    i.etharp_find_entry  etharp.o
    0x08007c28   0x00000028   Code   RO         1767    i.etharp_free_entry  etharp.o
    0x08007c50   0x000000c8   Code   RO         1769    i.etharp_input      etharp.o
    0x08007d18   0x0000010c   Code   RO         1770    i.etharp_output     etharp.o
    0x08007e24   0x00000060   Code   RO         1771    i.etharp_output_to_arp_index  etharp.o
    0x08007e84   0x00000128   Code   RO         1772    i.etharp_query      etharp.o
    0x08007fac   0x0000008a   Code   RO         1773    i.etharp_raw        etharp.o
    0x08008036   0x00000002   PAD
    0x08008038   0x0000000c   Code   RO         1774    i.etharp_request    etharp.o
    0x08008044   0x00000028   Code   RO         1775    i.etharp_request_dst  etharp.o
    0x0800806c   0x00000064   Code   RO         1776    i.etharp_tmr        etharp.o
    0x080080d0   0x00000084   Code   RO         1777    i.etharp_update_arp_entry  etharp.o
    0x08008154   0x000000a8   Code   RO         1811    i.ethernet_input    ethernet.o
    0x080081fc   0x00000052   Code   RO         1812    i.ethernet_output   ethernet.o
    0x0800824e   0x00000002   PAD
    0x08008250   0x00000028   Code   RO           45    i.ethernetif_init   ethernetif.o
    0x08008278   0x00000026   Code   RO           46    i.ethernetif_input  ethernetif.o
    0x0800829e   0x00000002   PAD
    0x080082a0   0x0000008c   Code   RO           39    i.ethernetif_notify_conn_changed  app_ethernet.o
    0x0800832c   0x000000dc   Code   RO           49    i.ethernetif_update_config  ethernetif.o
    0x08008408   0x0000020c   Code   RO         1596    i.failedSDO         sdo.o
    0x08008614   0x0000001c   Code   RO         1492    i.fputc             bsp_debug_usart.o
    0x08008630   0x00000020   Code   RO         1519    i.getElapsedTime    bsp_generaltim.o
    0x08008650   0x00000006   Code   RO         1624    i.getNodeId         states.o
    0x08008656   0x00000002   PAD
    0x08008658   0x000000c0   Code   RO         1598    i.getSDOfreeLine    sdo.o
    0x08008718   0x0000004c   Code   RO         1599    i.getSDOlineOnUse   sdo.o
    0x08008764   0x00000022   Code   RO         1600    i.getSDOlineRestBytes  sdo.o
    0x08008786   0x00000048   Code   RO         1601    i.getSDOlineToClose  sdo.o
    0x080087ce   0x00000002   PAD
    0x080087d0   0x000000f8   Code   RO         1602    i.getWriteResultNetworkDict  sdo.o
    0x080088c8   0x00000114   Code   RO         1545    i.heartbeatInit     lifegrd.o
    0x080089dc   0x00000040   Code   RO         1546    i.heartbeatStop     lifegrd.o
    0x08008a1c   0x00000008   Code   RO         1780    i.icmp_dest_unreach  icmp.o
    0x08008a24   0x00000144   Code   RO         1781    i.icmp_input        icmp.o
    0x08008b68   0x00000072   Code   RO         1782    i.icmp_send_response  icmp.o
    0x08008bda   0x00000008   Code   RO         1783    i.icmp_time_exceeded  icmp.o
    0x08008be2   0x0000004c   Code   RO         1823    i.inet_chksum_pbuf  inet_chksum.o
    0x08008c2e   0x00000002   PAD
    0x08008c30   0x0000017c   Code   RO         1603    i.initSDOline       sdo.o
    0x08008dac   0x00000050   Code   RO         2167    i.internal_alloc    mc_w.l(mallocr.o)
    0x08008dfc   0x00000050   Code   RO         1790    i.ip4_addr_isbroadcast_u32  ip4_addr.o
    0x08008e4c   0x000001a4   Code   RO         1799    i.ip4_frag          ip4_frag.o
    0x08008ff0   0x000001f4   Code   RO         1784    i.ip4_input         ip4.o
    0x080091e4   0x0000002c   Code   RO         1786    i.ip4_output_if     ip4.o
    0x08009210   0x000000bc   Code   RO         1787    i.ip4_output_if_src  ip4.o
    0x080092cc   0x00000180   Code   RO         1800    i.ip4_reass         ip4_frag.o
    0x0800944c   0x00000074   Code   RO         1788    i.ip4_route         ip4.o
    0x080094c0   0x0000000c   Code   RO         1793    i.ip4addr_ntoa      ip4_addr.o
    0x080094cc   0x000000b0   Code   RO         1794    i.ip4addr_ntoa_r    ip4_addr.o
    0x0800957c   0x00000006   Code   RO         1801    i.ip_frag_alloc_pbuf_custom_ref  ip4_frag.o
    0x08009582   0x00000008   Code   RO         1802    i.ip_frag_free_pbuf_custom_ref  ip4_frag.o
    0x0800958a   0x00000002   PAD
    0x0800958c   0x000000f8   Code   RO         1803    i.ip_reass_chain_frag_into_datagram_and_validate  ip4_frag.o
    0x08009684   0x00000020   Code   RO         1804    i.ip_reass_dequeue_datagram  ip4_frag.o
    0x080096a4   0x00000064   Code   RO         1805    i.ip_reass_enqueue_new_datagram  ip4_frag.o
    0x08009708   0x0000007c   Code   RO         1806    i.ip_reass_free_complete_datagram  ip4_frag.o
    0x08009784   0x0000007c   Code   RO         1807    i.ip_reass_remove_oldest_datagram  ip4_frag.o
    0x08009800   0x00000030   Code   RO         1808    i.ip_reass_tmr      ip4_frag.o
    0x08009830   0x00000018   Code   RO         1809    i.ipfrag_free_pbuf_custom  ip4_frag.o
    0x08009848   0x00000140   Code   RO         1604    i.lineToSDO         sdo.o
    0x08009988   0x0000011c   Code   RO           50    i.low_level_init    ethernetif.o
    0x08009aa4   0x000000c4   Code   RO           51    i.low_level_input   ethernetif.o
    0x08009b68   0x000000b8   Code   RO           52    i.low_level_output  ethernetif.o
    0x08009c20   0x00000018   Code   RO         1815    i.lwip_htonl        def.o
    0x08009c38   0x0000000a   Code   RO         1816    i.lwip_htons        def.o
    0x08009c42   0x0000001e   Code   RO         1831    i.lwip_init         init.o
    0x08009c60   0x0000005a   Code   RO         1830    i.lwip_standard_chksum  inet_chksum.o
    0x08009cba   0x00000002   PAD
    0x08009cbc   0x000000d4   Code   RO           11    i.main              main.o
    0x08009d90   0x000000c0   Code   RO         1564    i.masterSendNMTstateChange  nmtmaster.o
    0x08009e50   0x00000068   Code   RO         1663    i.master_scanIndexOD  testmaster.o
    0x08009eb8   0x00000014   Code   RO         1664    i.master_valueRangeTest  testmaster.o
    0x08009ecc   0x0000002c   Code   RO         1834    i.mem_free          mem.o
    0x08009ef8   0x00000034   Code   RO         1835    i.mem_init          mem.o
    0x08009f2c   0x000000c0   Code   RO         1836    i.mem_malloc        mem.o
    0x08009fec   0x000000e4   Code   RO         1837    i.mem_trim          mem.o
    0x0800a0d0   0x00000018   Code   RO         1843    i.memp_free         memp.o
    0x0800a0e8   0x0000001c   Code   RO         1845    i.memp_init         memp.o
    0x0800a104   0x0000002e   Code   RO         1846    i.memp_init_pool    memp.o
    0x0800a132   0x00000002   PAD
    0x0800a134   0x00000018   Code   RO         1847    i.memp_malloc       memp.o
    0x0800a14c   0x00000058   Code   RO         1877    i.netif_add         netif.o
    0x0800a1a4   0x00000002   Code   RO         1879    i.netif_init        netif.o
    0x0800a1a6   0x0000001e   Code   RO         1881    i.netif_issue_reports  netif.o
    0x0800a1c4   0x0000004c   Code   RO         1883    i.netif_set_addr    netif.o
    0x0800a210   0x0000000c   Code   RO         1884    i.netif_set_default  netif.o
    0x0800a21c   0x0000001e   Code   RO         1885    i.netif_set_down    netif.o
    0x0800a23a   0x0000000e   Code   RO         1886    i.netif_set_gw      netif.o
    0x0800a248   0x00000048   Code   RO         1887    i.netif_set_ipaddr  netif.o
    0x0800a290   0x00000008   Code   RO         1888    i.netif_set_link_callback  netif.o
    0x0800a298   0x0000000e   Code   RO         1891    i.netif_set_netmask  netif.o
    0x0800a2a6   0x00000020   Code   RO         1892    i.netif_set_up      netif.o
    0x0800a2c6   0x00000002   PAD
    0x0800a2c8   0x0000012c   Code   RO         1605    i.objdictToSDOline  sdo.o
    0x0800a3f4   0x0000013a   Code   RO         1894    i.pbuf_alloc        pbuf.o
    0x0800a52e   0x00000068   Code   RO         1895    i.pbuf_alloced_custom  pbuf.o
    0x0800a596   0x00000028   Code   RO         1896    i.pbuf_cat          pbuf.o
    0x0800a5be   0x00000014   Code   RO         1897    i.pbuf_chain        pbuf.o
    0x0800a5d2   0x00000014   Code   RO         1898    i.pbuf_clen         pbuf.o
    0x0800a5e6   0x000000a8   Code   RO         1900    i.pbuf_copy         pbuf.o
    0x0800a68e   0x00000070   Code   RO         1901    i.pbuf_copy_partial  pbuf.o
    0x0800a6fe   0x0000005e   Code   RO         1903    i.pbuf_free         pbuf.o
    0x0800a75c   0x00000006   Code   RO         1905    i.pbuf_header       pbuf.o
    0x0800a762   0x00000006   Code   RO         1906    i.pbuf_header_force  pbuf.o
    0x0800a768   0x0000008a   Code   RO         1907    i.pbuf_header_impl  pbuf.o
    0x0800a7f2   0x0000005c   Code   RO         1911    i.pbuf_realloc      pbuf.o
    0x0800a84e   0x0000000c   Code   RO         1912    i.pbuf_ref          pbuf.o
    0x0800a85a   0x00000002   PAD
    0x0800a85c   0x00000068   Code   RO         1838    i.plug_holes        mem.o
    0x0800a8c4   0x000000d8   Code   RO         1536    i.proceedEMCY       emcy.o
    0x0800a99c   0x00000248   Code   RO         1555    i.proceedLSS_Master  lss.o
    0x0800abe4   0x00000d94   Code   RO         1556    i.proceedLSS_Slave  lss.o
    0x0800b978   0x000001e8   Code   RO         1565    i.proceedNMTstateChange  nmtslave.o
    0x0800bb60   0x0000023c   Code   RO         1547    i.proceedNODE_GUARD  lifegrd.o
    0x0800bd9c   0x000007d8   Code   RO         1583    i.proceedPDO        pdo.o
    0x0800c574   0x0000400c   Code   RO         1606    i.proceedSDO        sdo.o
    0x08010580   0x0000009c   Code   RO         1634    i.proceedSYNC       sync.o
    0x0801061c   0x0000006c   Code   RO         2168    i.realloc           mc_w.l(mallocr.o)
    0x08010688   0x00000018   Code   RO         1610    i.resetSDO          sdo.o
    0x080106a0   0x000000b0   Code   RO         1611    i.resetSDOline      sdo.o
    0x08010750   0x00000012   Code   RO         1573    i.scanIndexOD       objacces.o
    0x08010762   0x00000002   PAD
    0x08010764   0x00000214   Code   RO         1584    i.sendOnePDOevent   pdo.o
    0x08010978   0x0000014c   Code   RO         1586    i.sendPDOrequest    pdo.o
    0x08010ac4   0x000000cc   Code   RO         1587    i.sendPdo           pdo.o
    0x08010b90   0x00000218   Code   RO         1612    i.sendSDO           sdo.o
    0x08010da8   0x00000204   Code   RO         1613    i.sendSDOabort      sdo.o
    0x08010fac   0x0000019c   Code   RO         1559    i.sendSlaveLSSMessage  lss.o
    0x08011148   0x00000250   Code   RO         1626    i.setNodeId         states.o
    0x08011398   0x00000012   Code   RO         1614    i.setSDOlineRestBytes  sdo.o
    0x080113aa   0x00000002   PAD
    0x080113ac   0x000001b0   Code   RO         1627    i.setState          states.o
    0x0801155c   0x00000014   Code   RO         1520    i.setTimer          bsp_generaltim.o
    0x08011570   0x00000120   Code   RO         1566    i.slaveSendBootUp   nmtslave.o
    0x08011690   0x0000007c   Code   RO         1560    i.startLSS          lss.o
    0x0801170c   0x00000060   Code   RO         1637    i.startSYNC         sync.o
    0x0801176c   0x0000007c   Code   RO         1561    i.stopLSS           lss.o
    0x080117e8   0x0000002e   Code   RO         1638    i.stopSYNC          sync.o
    0x08011816   0x00000002   PAD
    0x08011818   0x000003a4   Code   RO         1628    i.switchCommunicationState  states.o
    0x08011bbc   0x0000004c   Code   RO         1992    i.sys_check_timeouts  timeouts.o
    0x08011c08   0x00000004   Code   RO           53    i.sys_now           ethernetif.o
    0x08011c0c   0x000000a8   Code   RO         1994    i.sys_timeout       timeouts.o
    0x08011cb4   0x00000030   Code   RO         1995    i.sys_timeouts_init  timeouts.o
    0x08011ce4   0x000000d4   Code   RO         1919    i.tcp_abandon       tcp.o
    0x08011db8   0x00000006   Code   RO         1920    i.tcp_abort         tcp.o
    0x08011dbe   0x0000000e   Code   RO         1921    i.tcp_accept        tcp.o
    0x08011dcc   0x0000000e   Code   RO         1922    i.tcp_accept_null   tcp.o
    0x08011dda   0x00000002   PAD
    0x08011ddc   0x000000b0   Code   RO         1923    i.tcp_alloc         tcp.o
    0x08011e8c   0x00000008   Code   RO         1924    i.tcp_arg           tcp.o
    0x08011e94   0x0000009c   Code   RO         1925    i.tcp_bind          tcp.o
    0x08011f30   0x00000014   Code   RO         1926    i.tcp_close         tcp.o
    0x08011f44   0x0000017c   Code   RO         1927    i.tcp_close_shutdown  tcp.o
    0x080120c0   0x0000009a   Code   RO         1975    i.tcp_create_segment  tcp_out.o
    0x0801215a   0x00000002   PAD
    0x0801215c   0x000000b8   Code   RO           61    i.tcp_echoserver_accept  tcp_echoserver.o
    0x08012214   0x000000ac   Code   RO           63    i.tcp_echoserver_connect  tcp_echoserver.o
    0x080122c0   0x00000042   Code   RO           64    i.tcp_echoserver_connection_close  tcp_echoserver.o
    0x08012302   0x0000000a   Code   RO           65    i.tcp_echoserver_error  tcp_echoserver.o
    0x0801230c   0x00000044   Code   RO           66    i.tcp_echoserver_poll  tcp_echoserver.o
    0x08012350   0x0000030c   Code   RO           67    i.tcp_echoserver_recv  tcp_echoserver.o
    0x0801265c   0x00000066   Code   RO           68    i.tcp_echoserver_send  tcp_echoserver.o
    0x080126c2   0x00000002   PAD
    0x080126c4   0x00000038   Code   RO           69    i.tcp_echoserver_sent  tcp_echoserver.o
    0x080126fc   0x00000026   Code   RO         1930    i.tcp_eff_send_mss_impl  tcp.o
    0x08012722   0x000000be   Code   RO         1976    i.tcp_enqueue_flags  tcp_out.o
    0x080127e0   0x0000000a   Code   RO         1931    i.tcp_err           tcp.o
    0x080127ea   0x00000002   PAD
    0x080127ec   0x00000060   Code   RO         1932    i.tcp_fasttmr       tcp.o
    0x0801284c   0x0000003c   Code   RO         1965    i.tcp_getoptbyte    tcp_in.o
    0x08012888   0x00000002   Code   RO         1933    i.tcp_init          tcp.o
    0x0801288a   0x00000002   PAD
    0x0801288c   0x000003d0   Code   RO         1966    i.tcp_input         tcp_in.o
    0x08012c5c   0x00000058   Code   RO         1977    i.tcp_keepalive     tcp_out.o
    0x08012cb4   0x00000048   Code   RO         1934    i.tcp_kill_prio     tcp.o
    0x08012cfc   0x00000040   Code   RO         1935    i.tcp_kill_state    tcp.o
    0x08012d3c   0x00000034   Code   RO         1936    i.tcp_kill_timewait  tcp.o
    0x08012d70   0x00000020   Code   RO         1937    i.tcp_listen_closed  tcp.o
    0x08012d90   0x000000fc   Code   RO         1967    i.tcp_listen_input  tcp_in.o
    0x08012e8c   0x00000090   Code   RO         1938    i.tcp_listen_with_backlog  tcp.o
    0x08012f1c   0x00000050   Code   RO         1939    i.tcp_netif_ip_addr_changed  tcp.o
    0x08012f6c   0x00000024   Code   RO         1940    i.tcp_netif_ip_addr_changed_pcblist  tcp.o
    0x08012f90   0x00000006   Code   RO         1941    i.tcp_new           tcp.o
    0x08012f96   0x00000002   PAD
    0x08012f98   0x00000060   Code   RO         1943    i.tcp_new_port      tcp.o
    0x08012ff8   0x00000010   Code   RO         1944    i.tcp_next_iss      tcp.o
    0x08013008   0x000001e4   Code   RO         1978    i.tcp_output        tcp_out.o
    0x080131ec   0x0000006a   Code   RO         1979    i.tcp_output_alloc_header  tcp_out.o
    0x08013256   0x00000002   PAD
    0x08013258   0x000000b4   Code   RO         1980    i.tcp_output_segment  tcp_out.o
    0x0801330c   0x00000078   Code   RO         1968    i.tcp_parseopt      tcp_in.o
    0x08013384   0x00000056   Code   RO         1981    i.tcp_pbuf_prealloc  tcp_out.o
    0x080133da   0x0000003a   Code   RO         1945    i.tcp_pcb_purge     tcp.o
    0x08013414   0x00000054   Code   RO         1946    i.tcp_pcb_remove    tcp.o
    0x08013468   0x00000008   Code   RO         1947    i.tcp_poll          tcp.o
    0x08013470   0x00000494   Code   RO         1969    i.tcp_process       tcp_in.o
    0x08013904   0x0000007c   Code   RO         1948    i.tcp_process_refused_data  tcp.o
    0x08013980   0x0000042c   Code   RO         1970    i.tcp_receive       tcp_in.o
    0x08013dac   0x00000008   Code   RO         1949    i.tcp_recv          tcp.o
    0x08013db4   0x00000026   Code   RO         1950    i.tcp_recv_null     tcp.o
    0x08013dda   0x00000048   Code   RO         1951    i.tcp_recved        tcp.o
    0x08013e22   0x00000016   Code   RO         1952    i.tcp_remove_listener  tcp.o
    0x08013e38   0x00000052   Code   RO         1982    i.tcp_rexmit        tcp_out.o
    0x08013e8a   0x00000066   Code   RO         1983    i.tcp_rexmit_fast   tcp_out.o
    0x08013ef0   0x0000002e   Code   RO         1984    i.tcp_rexmit_rto    tcp_out.o
    0x08013f1e   0x00000088   Code   RO         1985    i.tcp_rst           tcp_out.o
    0x08013fa6   0x0000001e   Code   RO         1953    i.tcp_seg_free      tcp.o
    0x08013fc4   0x00000014   Code   RO         1954    i.tcp_segs_free     tcp.o
    0x08013fd8   0x00000074   Code   RO         1986    i.tcp_send_empty_ack  tcp_out.o
    0x0801404c   0x0000004a   Code   RO         1987    i.tcp_send_fin      tcp_out.o
    0x08014096   0x00000008   Code   RO         1955    i.tcp_sent          tcp.o
    0x0801409e   0x00000004   Code   RO         1956    i.tcp_setprio       tcp.o
    0x080140a2   0x00000002   PAD
    0x080140a4   0x0000028c   Code   RO         1958    i.tcp_slowtmr       tcp.o
    0x08014330   0x00000034   Code   RO         1998    i.tcp_timer_needed  timeouts.o
    0x08014364   0x00000084   Code   RO         1971    i.tcp_timewait_input  tcp_in.o
    0x080143e8   0x00000024   Code   RO         1959    i.tcp_tmr           tcp.o
    0x0801440c   0x00000010   Code   RO         1972    i.tcp_trigger_input_pcb_close  tcp_in.o
    0x0801441c   0x0000003e   Code   RO         1961    i.tcp_update_rcv_ann_wnd  tcp.o
    0x0801445a   0x000002d4   Code   RO         1988    i.tcp_write         tcp_out.o
    0x0801472e   0x0000004e   Code   RO         1989    i.tcp_write_checks  tcp_out.o
    0x0801477c   0x000000ca   Code   RO         1990    i.tcp_zero_window_probe  tcp_out.o
    0x08014846   0x00000002   PAD
    0x08014848   0x00000038   Code   RO         1999    i.tcpip_tcp_timer   timeouts.o
    0x08014880   0x00000088   Code   RO         1509    i.test_master       bsp_can.o
    0x08014908   0x0000008c   Code   RO         2002    i.udp_bind          udp.o
    0x08014994   0x00000058   Code   RO         2003    i.udp_connect       udp.o
    0x080149ec   0x00000002   Code   RO         2005    i.udp_init          udp.o
    0x080149ee   0x00000002   PAD
    0x080149f0   0x00000144   Code   RO         2006    i.udp_input         udp.o
    0x08014b34   0x00000038   Code   RO         2007    i.udp_input_local_match  udp.o
    0x08014b6c   0x00000038   Code   RO         2008    i.udp_netif_ip_addr_changed  udp.o
    0x08014ba4   0x00000024   Code   RO         2009    i.udp_new           udp.o
    0x08014bc8   0x0000004c   Code   RO         2011    i.udp_new_port      udp.o
    0x08014c14   0x00000006   Code   RO         2012    i.udp_recv          udp.o
    0x08014c1a   0x00000002   PAD
    0x08014c1c   0x00000030   Code   RO         2013    i.udp_remove        udp.o
    0x08014c4c   0x00000048   Code   RO         2016    i.udp_sendto_if     udp.o
    0x08014c94   0x000000ba   Code   RO         2017    i.udp_sendto_if_src  udp.o
    0x08014d4e   0x0000002a   Code   RO         1616    i.writeNetworkDictCallBack  sdo.o
    0x08014d78   0x00000010   Data   RO         1482    .constdata          system_stm32f4xx.o
    0x08014d88   0x00000008   Data   RO         1483    .constdata          system_stm32f4xx.o
    0x08014d90   0x00000040   Data   RO         1629    .constdata          states.o
    0x08014dd0   0x00000001   Data   RO         1666    .constdata          testmaster.o
    0x08014dd1   0x00000003   PAD
    0x08014dd4   0x00000030   Data   RO         1667    .constdata          testmaster.o
    0x08014e04   0x0000000c   Data   RO         1668    .constdata          testmaster.o
    0x08014e10   0x0000000c   Data   RO         1669    .constdata          testmaster.o
    0x08014e1c   0x00000002   Data   RO         1670    .constdata          testmaster.o
    0x08014e1e   0x00000002   PAD
    0x08014e20   0x00000004   Data   RO         1797    .constdata          ip4_addr.o
    0x08014e24   0x00000004   Data   RO         1798    .constdata          ip4_addr.o
    0x08014e28   0x00000006   Data   RO         1813    .constdata          ethernet.o
    0x08014e2e   0x00000006   Data   RO         1814    .constdata          ethernet.o
    0x08014e34   0x0000000c   Data   RO         1858    .constdata          memp.o
    0x08014e40   0x0000000c   Data   RO         1859    .constdata          memp.o
    0x08014e4c   0x0000000c   Data   RO         1860    .constdata          memp.o
    0x08014e58   0x0000000c   Data   RO         1861    .constdata          memp.o
    0x08014e64   0x0000000c   Data   RO         1862    .constdata          memp.o
    0x08014e70   0x0000000c   Data   RO         1863    .constdata          memp.o
    0x08014e7c   0x0000000c   Data   RO         1864    .constdata          memp.o
    0x08014e88   0x0000000c   Data   RO         1865    .constdata          memp.o
    0x08014e94   0x0000000c   Data   RO         1866    .constdata          memp.o
    0x08014ea0   0x00000024   Data   RO         1867    .constdata          memp.o
    0x08014ec4   0x00000054   Data   RO         1962    .constdata          tcp.o
    0x08014f18   0x00000028   Data   RO         2000    .constdata          timeouts.o
    0x08014f40   0x00000007   Data   RO         1511    .conststring        bsp_can.o
    0x08014f47   0x00000001   PAD
    0x08014f48   0x00000044   Data   RO         1588    .conststring        pdo.o
    0x08014f8c   0x00000716   Data   RO         1618    .conststring        sdo.o
    0x080156a2   0x00000002   PAD
    0x080156a4   0x00000005   Data   RO         1671    .conststring        testmaster.o
    0x080156a9   0x00000003   PAD
    0x080156ac   0x00000075   Data   RO         1963    .conststring        tcp.o
    0x08015721   0x00000003   PAD
    0x08015724   0x00000020   Data   RO         2206    Region$$Table       anon$$obj.o


    Execution Region RW_IRAM1 (Base: 0x20000000, Size: 0x00008fa0, Max: 0x00020000, ABSOLUTE, COMPRESSED[0x00000128])

    Base Addr    Size         Type   Attr      Idx    E Section Name        Object

    0x20000000   0x00000008   Data   RW           40    .data               app_ethernet.o
    0x20000008   0x0000000c   Data   RW           71    .data               tcp_echoserver.o
    0x20000014   0x00000004   Data   RW          235    .data               stm32f4xx_hal.o
    0x20000018   0x00000004   Data   RW         1484    .data               system_stm32f4xx.o
    0x2000001c   0x0000000c   Data   RW         1512    .data               bsp_can.o
    0x20000028   0x00000008   Data   RW         1522    .data               bsp_generaltim.o
    0x20000030   0x00000008   Data   RW         1643    .data               timer_canfestival.o
    0x20000038   0x0000000c   Data   RW         1660    .data               master.o
    0x20000044   0x00000001   Data   RW         1672    .data               testmaster.o
    0x20000045   0x00000001   Data   RW         1685    .data               testmaster.o
    0x20000046   0x00000002   PAD
    0x20000048   0x00000004   Data   RW         1686    .data               testmaster.o
    0x2000004c   0x0000000c   Data   RW         1687    .data               testmaster.o
    0x20000058   0x00000001   Data   RW         1688    .data               testmaster.o
    0x20000059   0x00000003   PAD
    0x2000005c   0x0000000c   Data   RW         1689    .data               testmaster.o
    0x20000068   0x00000001   Data   RW         1690    .data               testmaster.o
    0x20000069   0x00000003   PAD
    0x2000006c   0x00000004   Data   RW         1691    .data               testmaster.o
    0x20000070   0x00000004   Data   RW         1694    .data               testmaster.o
    0x20000074   0x00000004   Data   RW         1695    .data               testmaster.o
    0x20000078   0x00000004   Data   RW         1698    .data               testmaster.o
    0x2000007c   0x00000001   Data   RW         1699    .data               testmaster.o
    0x2000007d   0x00000003   PAD
    0x20000080   0x00000004   Data   RW         1700    .data               testmaster.o
    0x20000084   0x00000002   Data   RW         1701    .data               testmaster.o
    0x20000086   0x00000001   Data   RW         1702    .data               testmaster.o
    0x20000087   0x00000001   PAD
    0x20000088   0x00000004   Data   RW         1703    .data               testmaster.o
    0x2000008c   0x00000004   Data   RW         1704    .data               testmaster.o
    0x20000090   0x00000004   Data   RW         1705    .data               testmaster.o
    0x20000094   0x00000004   Data   RW         1706    .data               testmaster.o
    0x20000098   0x0000003c   Data   RW         1707    .data               testmaster.o
    0x200000d4   0x00000001   Data   RW         1708    .data               testmaster.o
    0x200000d5   0x00000003   PAD
    0x200000d8   0x00000004   Data   RW         1709    .data               testmaster.o
    0x200000dc   0x00000004   Data   RW         1710    .data               testmaster.o
    0x200000e0   0x00000024   Data   RW         1711    .data               testmaster.o
    0x20000104   0x00000001   Data   RW         1712    .data               testmaster.o
    0x20000105   0x00000003   PAD
    0x20000108   0x00000004   Data   RW         1713    .data               testmaster.o
    0x2000010c   0x00000001   Data   RW         1714    .data               testmaster.o
    0x2000010d   0x00000001   PAD
    0x2000010e   0x00000002   Data   RW         1715    .data               testmaster.o
    0x20000110   0x00000001   Data   RW         1716    .data               testmaster.o
    0x20000111   0x00000001   PAD
    0x20000112   0x00000002   Data   RW         1717    .data               testmaster.o
    0x20000114   0x00000001   Data   RW         1718    .data               testmaster.o
    0x20000115   0x00000003   PAD
    0x20000118   0x00000054   Data   RW         1719    .data               testmaster.o
    0x2000016c   0x00000001   Data   RW         1720    .data               testmaster.o
    0x2000016d   0x00000003   PAD
    0x20000170   0x0000000c   Data   RW         1721    .data               testmaster.o
    0x2000017c   0x00000012   Data   RW         1722    .data               testmaster.o
    0x2000018e   0x00000002   PAD
    0x20000190   0x0000035c   Data   RW         1723    .data               testmaster.o
    0x200004ec   0x00000002   Data   RW         1724    .data               testmaster.o
    0x200004ee   0x00000002   PAD
    0x200004f0   0x00000010   Data   RW         1763    .data               dhcp.o
    0x20000500   0x00000001   Data   RW         1779    .data               etharp.o
    0x20000501   0x00000001   PAD
    0x20000502   0x00000002   Data   RW         1789    .data               ip4.o
    0x20000504   0x00000008   Data   RW         1810    .data               ip4_frag.o
    0x2000050c   0x0000000c   Data   RW         1840    .data               mem.o
    0x20000518   0x00000004   Data   RW         1868    .data               memp.o
    0x2000051c   0x00000004   Data   RW         1869    .data               memp.o
    0x20000520   0x00000004   Data   RW         1870    .data               memp.o
    0x20000524   0x00000004   Data   RW         1871    .data               memp.o
    0x20000528   0x00000004   Data   RW         1872    .data               memp.o
    0x2000052c   0x00000004   Data   RW         1873    .data               memp.o
    0x20000530   0x00000004   Data   RW         1874    .data               memp.o
    0x20000534   0x00000004   Data   RW         1875    .data               memp.o
    0x20000538   0x00000004   Data   RW         1876    .data               memp.o
    0x2000053c   0x0000000c   Data   RW         1893    .data               netif.o
    0x20000548   0x00000020   Data   RW         1964    .data               tcp.o
    0x20000568   0x00000024   Data   RW         1974    .data               tcp_in.o
    0x2000058c   0x0000000c   Data   RW         2001    .data               timeouts.o
    0x20000598   0x00000008   Data   RW         2018    .data               udp.o
    0x200005a0   0x00000004   Data   RW         2024    .data               mc_w.l(rand.o)
    0x200005a4   0x00000004   Data   RW         2191    .data               mc_w.l(stdout.o)
    0x200005a8   0x00000004   Data   RW         2194    .data               mc_w.l(mvars.o)
    0x200005ac   0x00000004   Data   RW         2195    .data               mc_w.l(mvars.o)
    0x200005b0   0x00000038   Zero   RW           13    .bss                main.o
    0x200005e8   0x000030e8   Zero   RW           54    .bss                ethernetif.o
    0x200036d0   0x00000040   Zero   RW         1493    .bss                bsp_debug_usart.o
    0x20003710   0x00000084   Zero   RW         1510    .bss                bsp_can.o
    0x20003794   0x0000003c   Zero   RW         1521    .bss                bsp_generaltim.o
    0x200037d0   0x0000000c   Zero   RW         1567    .bss                nmtslave.o
    0x200037dc   0x000000c0   Zero   RW         1642    .bss                timer_canfestival.o
    0x2000389c   0x0000001c   Zero   RW         1665    .bss                testmaster.o
    0x200038b8   0x00000032   Zero   RW         1762    .bss                dhcp.o
    0x200038ea   0x00000002   PAD
    0x200038ec   0x000000f0   Zero   RW         1778    .bss                etharp.o
    0x200039dc   0x00000010   Zero   RW         1796    .bss                ip4_addr.o
    0x200039ec   0x00000018   Zero   RW         1832    .bss                ip.o
    0x20003a04   0x00002813   Zero   RW         1839    .bss                mem.o
    0x20006217   0x000000c3   Zero   RW         1849    .bss                memp.o
    0x200062da   0x000005cb   Zero   RW         1850    .bss                memp.o
    0x200068a5   0x0000008f   Zero   RW         1851    .bss                memp.o
    0x20006934   0x00000083   Zero   RW         1852    .bss                memp.o
    0x200069b7   0x000000a3   Zero   RW         1853    .bss                memp.o
    0x20006a5a   0x0000016b   Zero   RW         1854    .bss                memp.o
    0x20006bc5   0x000000a3   Zero   RW         1855    .bss                memp.o
    0x20006c68   0x000000a3   Zero   RW         1856    .bss                memp.o
    0x20006d0b   0x00001083   Zero   RW         1857    .bss                memp.o
    0x20007d8e   0x00000002   PAD
    0x20007d90   0x00000010   Zero   RW         1973    .bss                tcp_in.o
    0x20007da0   0x00000200   Zero   RW            2    HEAP                startup_stm32f407xx.o
    0x20007fa0   0x00001000   Zero   RW            1    STACK               startup_stm32f407xx.o


==============================================================================

Image component sizes


      Code (inc. data)   RO Data    RW Data    ZI Data      Debug   Object Name

       584        278          0          8          0          0   app_ethernet.o
      2524        870          7         12        132          0   bsp_can.o
       184         28          0          0         64          0   bsp_debug_usart.o
       240         32          0          8         60          0   bsp_generaltim.o
        34          0          0          0          0          0   def.o
      4106        176          0         16         50          0   dhcp.o
       296        128          0          0          0          0   emcy.o
      1638         66          0          1        240          0   etharp.o
       250          4         12          0          0          0   ethernet.o
      1214        132          0          0      12520          0   ethernetif.o
       454          4          0          0          0          0   icmp.o
       166          0          0          0          0          0   inet_chksum.o
        30          0          0          0          0          0   init.o
         0          0          0          0         24          0   ip.o
       848         30          0          2          0          0   ip4.o
       268          8          8          0         16          0   ip4_addr.o
      1518         40          0          8          0          0   ip4_frag.o
      1178        438          0          0          0          0   lifegrd.o
      5052       1942          0          0          0          0   lss.o
       532        162          0          0         56          0   main.o
       588         86          0         12          0          0   master.o
       620         30          0         12      10259          0   mem.o
       152         14        144         36       7031          0   memp.o
       378         16          0         12          0          0   netif.o
       192        104          0          0          0          0   nmtmaster.o
       776        288          0          0         12          0   nmtslave.o
      2268        954          0          0          0          0   objacces.o
      1126         12          0          0          0          0   pbuf.o
      5358       1738         68          0          0          0   pdo.o
     22750       6282       1814          0          0          0   sdo.o
        36          8        392          0       4608          0   startup_stm32f407xx.o
      2962       1048         64          0          0          0   states.o
       150         22          0          4          0          0   stm32f4xx_hal.o
      2548         32          0          0          0          0   stm32f4xx_hal_can.o
       242         16          0          0          0          0   stm32f4xx_hal_cortex.o
      2794         64          0          0          0          0   stm32f4xx_hal_eth.o
       526         22          0          0          0          0   stm32f4xx_hal_gpio.o
       104          0          0          0          0          0   stm32f4xx_hal_msp.o
      1836         92          0          0          0          0   stm32f4xx_hal_rcc.o
      1680         22          0          0          0          0   stm32f4xx_hal_tim.o
       106          0          0          0          0          0   stm32f4xx_hal_tim_ex.o
      1276         14          0          0          0          0   stm32f4xx_hal_uart.o
        56         12          0          0          0          0   stm32f4xx_it.o
       314        104          0          0          0          0   sync.o
        88         24         24          4          0          0   system_stm32f4xx.o
      2956        136        201         32          0          0   tcp.o
      1438        494          0         12          0          0   tcp_echoserver.o
      3796        116          0         36         16          0   tcp_in.o
      2848         10          0          0          0          0   tcp_out.o
       124         16         80       1166         28          0   testmaster.o
       428         58         40         12          0          0   timeouts.o
       512        128          0          8        192          0   timer_canfestival.o
      1090         44          0          8          0          0   udp.o

    ----------------------------------------------------------------------
     83332      16344       2900       1440      35312          0   Object Totals
         0          0         32          0          0          0   (incl. Generated)
        98          0         14         31          4          0   (incl. Padding)

    ----------------------------------------------------------------------

      Code (inc. data)   RO Data    RW Data    ZI Data      Debug   Library Member Name

        86          0          0          0          0          0   __dczerorl2.o
         0          0          0          0          0          0   entry.o
         0          0          0          0          0          0   entry10a.o
         0          0          0          0          0          0   entry11a.o
         8          4          0          0          0          0   entry2.o
         4          0          0          0          0          0   entry5.o
         0          0          0          0          0          0   entry7b.o
         0          0          0          0          0          0   entry8b.o
         8          4          0          0          0          0   entry9a.o
        30          0          0          0          0          0   handlers.o
        36          8          0          0          0          0   init.o
        30          0          0          0          0          0   llshl.o
        32          0          0          0          0          0   llushr.o
       360         30          0          0          0          0   mallocr.o
        26          0          0          0          0          0   memcmp.o
        36          0          0          0          0          0   memcpya.o
        36          0          0          0          0          0   memseta.o
         0          0          0          8          0          0   mvars.o
       786         62          0          0          0          0   printf5.o
        36         10          0          4          0          0   rand.o
         0          0          0          4          0          0   stdout.o
        28          0          0          0          0          0   strcmp.o
        98          0          0          0          0          0   uldiv.o

    ----------------------------------------------------------------------
      1644        118          0         16          0          0   Library Totals
         4          0          0          0          0          0   (incl. Padding)

    ----------------------------------------------------------------------

      Code (inc. data)   RO Data    RW Data    ZI Data      Debug   Library Name

      1640        118          0         16          0          0   mc_w.l

    ----------------------------------------------------------------------
      1644        118          0         16          0          0   Library Totals

    ----------------------------------------------------------------------

==============================================================================


      Code (inc. data)   RO Data    RW Data    ZI Data      Debug   

     84976      16462       2900       1456      35312          0   Grand Totals
     84976      16462       2900        296      35312          0   ELF Image Totals (compressed)
     84976      16462       2900        296          0          0   ROM Totals

==============================================================================

    Total RO  Size (Code + RO Data)                87876 (  85.82kB)
    Total RW  Size (RW Data + ZI Data)             36768 (  35.91kB)
    Total ROM Size (Code + RO Data + RW Data)      88172 (  86.11kB)

==============================================================================

